../Src/APP/Tetris/Controller/Controller_Buttons.c:20:13:Buttons_Tetris_initController	24	static
../Src/APP/Tetris/Controller/Controller_Buttons.c:48:13:Buttons_Tetris_ubdateInputState	8	static
../Src/APP/Tetris/Controller/Controller_Buttons.c:53:16:Buttons_Tetris_checkAction_Up	8	static
../Src/APP/Tetris/Controller/Controller_Buttons.c:60:16:Buttons_Tetris_checkAction_Down	8	static
../Src/APP/Tetris/Controller/Controller_Buttons.c:67:16:Buttons_Tetris_checkAction_Right	8	static
../Src/APP/Tetris/Controller/Controller_Buttons.c:74:16:Buttons_Tetris_checkAction_Left	8	static
../Src/APP/Tetris/Controller/Controller_Buttons.c:81:16:Buttons_Tetris_checkAction_Ok	8	static
../Src/APP/Tetris/Controller/Controller_Buttons.c:88:16:Buttons_Tetris_checkAction_Rotate	8	static
../Src/APP/Tetris/Controller/Controller_Buttons.c:95:16:Buttons_Tetris_checkAction_Drob_Down	8	static
