../Src/MCAL/GPT.c:20:6:GPT_init	16	static
../Src/MCAL/GPT.c:63:6:GPT_initTickTimer	24	static
../Src/MCAL/GPT.c:81:6:GPT_delayMicroSec	16	static
../Src/MCAL/GPT.c:119:6:GPT_delayMilliSec	16	static
../Src/MCAL/GPT.c:132:6:GPT_setIntervalSingleMicroSec	16	static
../Src/MCAL/GPT.c:148:6:GPT_setIntervalPeriodicMicroSec	16	static
../Src/MCAL/GPT.c:165:6:GPT_setIntervalSingleMilliSec	16	static
../Src/MCAL/GPT.c:183:6:GPT_setIntervalPeriodicMilliSec	16	static
../Src/MCAL/GPT.c:205:6:GPT_stopInterval	16	static
../Src/MCAL/GPT.c:217:7:GPT_isTimerFree	16	static
../Src/MCAL/GPT.c:227:8:GPT_getElapsedTime	24	static
../Src/MCAL/GPT.c:242:8:GPT_getRemainingTime	24	static
../Src/MCAL/GPT.c:257:8:GPT_getTicks	4	static
../Src/MCAL/GPT.c:263:6:updateTimTicks	4	static
../Src/MCAL/GPT.c:270:6:setPrescaler	24	static
../Src/MCAL/GPT.c:288:6:TIM2_IRQHandler	8	static
../Src/MCAL/GPT.c:311:6:TIM3_IRQHandler	8	static
../Src/MCAL/GPT.c:333:6:TIM4_IRQHandler	8	static
