../Src/HAL/TFT_program.c:21:6:TFT_init	8	static
../Src/HAL/TFT_program.c:86:6:TFT_displayImage	32	static
../Src/HAL/TFT_program.c:99:6:TFT_fillColor	24	static
../Src/HAL/TFT_program.c:107:6:TFT_drawRectangle	32	static
../Src/HAL/TFT_program.c:117:6:TFT_drawPixel	16	static
../Src/HAL/TFT_program.c:124:13:writeCommand	24	static
../Src/HAL/TFT_program.c:137:13:writeData	24	static
../Src/HAL/TFT_program.c:150:6:setColor	16	static
../Src/HAL/TFT_program.c:156:6:setDisplayRegion	24	static
../Src/HAL/TFT_program.c:177:6:TFT_printChar	32	static
../Src/HAL/TFT_program.c:198:6:TFT_printString	48	static
../Src/HAL/TFT_program.c:216:6:TFT_printNumbers	64	static
../Src/HAL/TFT_program.c:223:6:TFT_drawHorizontalLine	32	static
../Src/HAL/TFT_program.c:233:6:TFT_drawVerticalLine	32	static
../Src/HAL/TFT_program.c:243:6:TFT_drawOutlineRectangle	32	static
../Src/HAL/TFT_program.c:251:6:convertNumToString	24	static
../Src/HAL/TFT_program.c:269:6:reverseString	24	static
../Src/HAL/TFT_program.c:297:7:strLen	24	static
../Src/HAL/TFT_program.c:308:7:getNumDigits	24	static
