08:03:54 **** Build of configuration Debug for project Tetris ****
make -j16 all 
arm-none-eabi-gcc -mcpu=cortex-m3 -g3 -DDEBUG -c -x assembler-with-cpp -MMD -MP -MF"Startup/startup_stm32f103c8tx.d" -MT"Startup/startup_stm32f103c8tx.o" --specs=nano.specs -mfloat-abi=soft -mthumb -o "Startup/startup_stm32f103c8tx.o" "../Startup/startup_stm32f103c8tx.s"
arm-none-eabi-gcc "../Src/AFIO.c" -mcpu=cortex-m3 -std=gnu11 -g3 -DDEBUG -DSTM32 -DSTM32F1 -DSTM32F103C8Tx -c -I../Inc -O0 -ffunction-sections -fdata-sections -Wall -fstack-usage -fcyclomatic-complexity -MMD -MP -MF"Src/AFIO.d" -MT"Src/AFIO.o" --specs=nano.specs -mfloat-abi=soft -mthumb -o "Src/AFIO.o"
arm-none-eabi-gcc "../Src/Button.c" -mcpu=cortex-m3 -std=gnu11 -g3 -DDEBUG -DSTM32 -DSTM32F1 -DSTM32F103C8Tx -c -I../Inc -O0 -ffunction-sections -fdata-sections -Wall -fstack-usage -fcyclomatic-complexity -MMD -MP -MF"Src/Button.d" -MT"Src/Button.o" --specs=nano.specs -mfloat-abi=soft -mthumb -o "Src/Button.o"
arm-none-eabi-gcc "../Src/Controller_Buttons.c" -mcpu=cortex-m3 -std=gnu11 -g3 -DDEBUG -DSTM32 -DSTM32F1 -DSTM32F103C8Tx -c -I../Inc -O0 -ffunction-sections -fdata-sections -Wall -fstack-usage -fcyclomatic-complexity -MMD -MP -MF"Src/Controller_Buttons.d" -MT"Src/Controller_Buttons.o" --specs=nano.specs -mfloat-abi=soft -mthumb -o "Src/Controller_Buttons.o"
arm-none-eabi-gcc "../Src/DIO.c" -mcpu=cortex-m3 -std=gnu11 -g3 -DDEBUG -DSTM32 -DSTM32F1 -DSTM32F103C8Tx -c -I../Inc -O0 -ffunction-sections -fdata-sections -Wall -fstack-usage -fcyclomatic-complexity -MMD -MP -MF"Src/DIO.d" -MT"Src/DIO.o" --specs=nano.specs -mfloat-abi=soft -mthumb -o "Src/DIO.o"
arm-none-eabi-gcc "../Src/GPT.c" -mcpu=cortex-m3 -std=gnu11 -g3 -DDEBUG -DSTM32 -DSTM32F1 -DSTM32F103C8Tx -c -I../Inc -O0 -ffunction-sections -fdata-sections -Wall -fstack-usage -fcyclomatic-complexity -MMD -MP -MF"Src/GPT.d" -MT"Src/GPT.o" --specs=nano.specs -mfloat-abi=soft -mthumb -o "Src/GPT.o"
arm-none-eabi-gcc "../Src/NVIC.c" -mcpu=cortex-m3 -std=gnu11 -g3 -DDEBUG -DSTM32 -DSTM32F1 -DSTM32F103C8Tx -c -I../Inc -O0 -ffunction-sections -fdata-sections -Wall -fstack-usage -fcyclomatic-complexity -MMD -MP -MF"Src/NVIC.d" -MT"Src/NVIC.o" --specs=nano.specs -mfloat-abi=soft -mthumb -o "Src/NVIC.o"
arm-none-eabi-gcc "../Src/RCC.c" -mcpu=cortex-m3 -std=gnu11 -g3 -DDEBUG -DSTM32 -DSTM32F1 -DSTM32F103C8Tx -c -I../Inc -O0 -ffunction-sections -fdata-sections -Wall -fstack-usage -fcyclomatic-complexity -MMD -MP -MF"Src/RCC.d" -MT"Src/RCC.o" --specs=nano.specs -mfloat-abi=soft -mthumb -o "Src/RCC.o"
arm-none-eabi-gcc "../Src/STK.c" -mcpu=cortex-m3 -std=gnu11 -g3 -DDEBUG -DSTM32 -DSTM32F1 -DSTM32F103C8Tx -c -I../Inc -O0 -ffunction-sections -fdata-sections -Wall -fstack-usage -fcyclomatic-complexity -MMD -MP -MF"Src/STK.d" -MT"Src/STK.o" --specs=nano.specs -mfloat-abi=soft -mthumb -o "Src/STK.o"
arm-none-eabi-gcc "../Src/TFT_program.c" -mcpu=cortex-m3 -std=gnu11 -g3 -DDEBUG -DSTM32 -DSTM32F1 -DSTM32F103C8Tx -c -I../Inc -O0 -ffunction-sections -fdata-sections -Wall -fstack-usage -fcyclomatic-complexity -MMD -MP -MF"Src/TFT_program.d" -MT"Src/TFT_program.o" --specs=nano.specs -mfloat-abi=soft -mthumb -o "Src/TFT_program.o"
arm-none-eabi-gcc "../Src/Tetris_Controller.c" -mcpu=cortex-m3 -std=gnu11 -g3 -DDEBUG -DSTM32 -DSTM32F1 -DSTM32F103C8Tx -c -I../Inc -O0 -ffunction-sections -fdata-sections -Wall -fstack-usage -fcyclomatic-complexity -MMD -MP -MF"Src/Tetris_Controller.d" -MT"Src/Tetris_Controller.o" --specs=nano.specs -mfloat-abi=soft -mthumb -o "Src/Tetris_Controller.o"
arm-none-eabi-gcc "../Src/Tetris_Model.c" -mcpu=cortex-m3 -std=gnu11 -g3 -DDEBUG -DSTM32 -DSTM32F1 -DSTM32F103C8Tx -c -I../Inc -O0 -ffunction-sections -fdata-sections -Wall -fstack-usage -fcyclomatic-complexity -MMD -MP -MF"Src/Tetris_Model.d" -MT"Src/Tetris_Model.o" --specs=nano.specs -mfloat-abi=soft -mthumb -o "Src/Tetris_Model.o"
arm-none-eabi-gcc "../Src/Tetris_View.c" -mcpu=cortex-m3 -std=gnu11 -g3 -DDEBUG -DSTM32 -DSTM32F1 -DSTM32F103C8Tx -c -I../Inc -O0 -ffunction-sections -fdata-sections -Wall -fstack-usage -fcyclomatic-complexity -MMD -MP -MF"Src/Tetris_View.d" -MT"Src/Tetris_View.o" --specs=nano.specs -mfloat-abi=soft -mthumb -o "Src/Tetris_View.o"
arm-none-eabi-gcc "../Src/Tetris_View_TFT.c" -mcpu=cortex-m3 -std=gnu11 -g3 -DDEBUG -DSTM32 -DSTM32F1 -DSTM32F103C8Tx -c -I../Inc -O0 -ffunction-sections -fdata-sections -Wall -fstack-usage -fcyclomatic-complexity -MMD -MP -MF"Src/Tetris_View_TFT.d" -MT"Src/Tetris_View_TFT.o" --specs=nano.specs -mfloat-abi=soft -mthumb -o "Src/Tetris_View_TFT.o"
arm-none-eabi-gcc "../Src/main.c" -mcpu=cortex-m3 -std=gnu11 -g3 -DDEBUG -DSTM32 -DSTM32F1 -DSTM32F103C8Tx -c -I../Inc -O0 -ffunction-sections -fdata-sections -Wall -fstack-usage -fcyclomatic-complexity -MMD -MP -MF"Src/main.d" -MT"Src/main.o" --specs=nano.specs -mfloat-abi=soft -mthumb -o "Src/main.o"
arm-none-eabi-gcc "../Inc/EXTI.c" -mcpu=cortex-m3 -std=gnu11 -g3 -DDEBUG -DSTM32 -DSTM32F1 -DSTM32F103C8Tx -c -I../Inc -O0 -ffunction-sections -fdata-sections -Wall -fstack-usage -fcyclomatic-complexity -MMD -MP -MF"Inc/EXTI.d" -MT"Inc/EXTI.o" --specs=nano.specs -mfloat-abi=soft -mthumb -o "Inc/EXTI.o"
../Src/Tetris_Controller.c: In function 'handleInputNameScreen':
../Src/Tetris_Controller.c:102:9: warning: implicit declaration of function 'modifyPlayerName' [-Wimplicit-function-declaration]
  102 |         modifyPlayerName();
      |         ^~~~~~~~~~~~~~~~
../Src/TFT_program.c:11:10: fatal error: SPI_interface.h: No such file or directory
   11 | #include "SPI_interface.h"
      |          ^~~~~~~~~~~~~~~~~
compilation terminated.
../Src/Tetris_View_TFT.c: In function 'Tetris_View_renderWelcomeScreenStaticElements':
../Src/Tetris_View_TFT.c:33:44: warning: passing argument 3 of 'TFT_printString' discards 'const' qualifier from pointer target type [-Wdiscarded-qualifiers]
   33 |     TFT_printString(WELCOME_SCR_TITLE_POS, Text, WELCOME_SCR_TITLE_SIZE, WELCOME_SCR_TEXT_COLOR, WELCOME_SCR_BACKGROUND_COLOR, 6);
      |                                            ^~~~
In file included from ../Src/Tetris_View_TFT.c:9:
../Inc/TFT_interface.h:32:49: note: expected 'uint8 *' {aka 'unsigned char *'} but argument is of type 'const uint8 *' {aka 'const unsigned char *'}
   32 | void TFT_printString(uint16 x, uint16 y, uint8* string, uint8 size, TFTColor_t charColor,TFTColor_t backgroundColor, uint8 stringDisplayWidth);
      |                                          ~~~~~~~^~~~~~
../Src/Tetris_View_TFT.c: In function 'Tetris_View_renderWelcomeScreenDynamicElements':
../Src/Tetris_View_TFT.c:49:48: warning: passing argument 3 of 'TFT_printString' discards 'const' qualifier from pointer target type [-Wdiscarded-qualifiers]
   49 |         TFT_printString(WELCOME_SCR_PLAY_POS,  Text1, WELCOME_SCR_CHOICE_SIZE, WELCOME_SCR_SELECT_COLOR, WELCOME_SCR_BACKGROUND_COLOR, 6);
      |                                                ^~~~~
In file included from ../Src/Tetris_View_TFT.c:9:
../Inc/TFT_interface.h:32:49: note: expected 'uint8 *' {aka 'unsigned char *'} but argument is of type 'const uint8 *' {aka 'const unsigned char *'}
   32 | void TFT_printString(uint16 x, uint16 y, uint8* string, uint8 size, TFTColor_t charColor,TFTColor_t backgroundColor, uint8 stringDisplayWidth);
      |                                          ~~~~~~~^~~~~~
../Src/Tetris_View_TFT.c:50:48: warning: passing argument 3 of 'TFT_printString' discards 'const' qualifier from pointer target type [-Wdiscarded-qualifiers]
   50 |         TFT_printString(WELCOME_SCR_SCORE_POS, Text2, WELCOME_SCR_CHOICE_SIZE, WELCOME_SCR_TEXT_COLOR  , WELCOME_SCR_BACKGROUND_COLOR, 6);
      |                                                ^~~~~
In file included from ../Src/Tetris_View_TFT.c:9:
../Inc/TFT_interface.h:32:49: note: expected 'uint8 *' {aka 'unsigned char *'} but argument is of type 'const uint8 *' {aka 'const unsigned char *'}
   32 | void TFT_printString(uint16 x, uint16 y, uint8* string, uint8 size, TFTColor_t charColor,TFTColor_t backgroundColor, uint8 stringDisplayWidth);
      |                                          ~~~~~~~^~~~~~
../Src/Tetris_View_TFT.c:55:48: warning: passing argument 3 of 'TFT_printString' discards 'const' qualifier from pointer target type [-Wdiscarded-qualifiers]
   55 |         TFT_printString(WELCOME_SCR_PLAY_POS,  Text1, WELCOME_SCR_CHOICE_SIZE, WELCOME_SCR_TEXT_COLOR  , WELCOME_SCR_BACKGROUND_COLOR, 4);
      |                                                ^~~~~
In file included from ../Src/Tetris_View_TFT.c:9:
../Inc/TFT_interface.h:32:49: note: expected 'uint8 *' {aka 'unsigned char *'} but argument is of type 'const uint8 *' {aka 'const unsigned char *'}
   32 | void TFT_printString(uint16 x, uint16 y, uint8* string, uint8 size, TFTColor_t charColor,TFTColor_t backgroundColor, uint8 stringDisplayWidth);
      |                                          ~~~~~~~^~~~~~
../Src/Tetris_View_TFT.c:56:48: warning: passing argument 3 of 'TFT_printString' discards 'const' qualifier from pointer target type [-Wdiscarded-qualifiers]
   56 |         TFT_printString(WELCOME_SCR_SCORE_POS, Text2, WELCOME_SCR_CHOICE_SIZE, WELCOME_SCR_SELECT_COLOR, WELCOME_SCR_BACKGROUND_COLOR, 9);
      |                                                ^~~~~
In file included from ../Src/Tetris_View_TFT.c:9:
../Inc/TFT_interface.h:32:49: note: expected 'uint8 *' {aka 'unsigned char *'} but argument is of type 'const uint8 *' {aka 'const unsigned char *'}
   32 | void TFT_printString(uint16 x, uint16 y, uint8* string, uint8 size, TFTColor_t charColor,TFTColor_t backgroundColor, uint8 stringDisplayWidth);
      |                                          ~~~~~~~^~~~~~
../Src/Tetris_View_TFT.c: In function 'Tetris_View_renderTopScoresScreenStaticElements':
../Src/Tetris_View_TFT.c:73:46: warning: passing argument 3 of 'TFT_printString' discards 'const' qualifier from pointer target type [-Wdiscarded-qualifiers]
   73 |     TFT_printString(TOP_SCORE_SCR_TITLE_POS, text, 1, TOP_SCORE_SCR_TEXT_COLOR, TOP_SCORE_SCR_BACKGROUND_COLOR, 12);
      |                                              ^~~~
In file included from ../Src/Tetris_View_TFT.c:9:
../Inc/TFT_interface.h:32:49: note: expected 'uint8 *' {aka 'unsigned char *'} but argument is of type 'const uint8 *' {aka 'const unsigned char *'}
   32 | void TFT_printString(uint16 x, uint16 y, uint8* string, uint8 size, TFTColor_t charColor,TFTColor_t backgroundColor, uint8 stringDisplayWidth);
      |                                          ~~~~~~~^~~~~~
../Inc/EXTI.c:10:10: fatal error: EXTI_interface.h: No such file or directory
   10 | #include "EXTI_interface.h"
      |          ^~~~~~~~~~~~~~~~~~
../Src/Tetris_View_TFT.c:76:11: warning: unused variable 'playerIndex' [-Wunused-variable]
   76 |     uint8 playerIndex = Current_Tetris_Player;
      |           ^~~~~~~~~~~
../Src/Tetris_View_TFT.c: In function 'Tetris_View_renderNameInputScreenStaticElements':
../Src/Tetris_View_TFT.c:95:47: warning: passing argument 3 of 'TFT_printString' discards 'const' qualifier from pointer target type [-Wdiscarded-qualifiers]
   95 |     TFT_printString(NAME_INPUT_SCR_TITLE_POS, Text, NAME_INPUT_SCR_TITLE_SIZE, NAME_INPUT_SCR_TEXT_COLOR, NAME_INPUT_SCR_BACKGROUND_COLOR, 13);
      |                                               ^~~~
In file included from ../Src/Tetris_View_TFT.c:9:
../Inc/TFT_interface.h:32:49: note: expected 'uint8 *' {aka 'unsigned char *'} but argument is of type 'const uint8 *' {aka 'const unsigned char *'}
   32 | void TFT_printString(uint16 x, uint16 y, uint8* string, uint8 size, TFTColor_t charColor,TFTColor_t backgroundColor, uint8 stringDisplayWidth);
      |                                          ~~~~~~~^~~~~~
../Src/Tetris_View_TFT.c: In function 'Tetris_View_renderGameScreenStaticElements':
../Src/Tetris_View_TFT.c:128:41: warning: passing argument 3 of 'TFT_printString' discards 'const' qualifier from pointer target type [-Wdiscarded-qualifiers]
  128 |     TFT_printString(GAME_SCR_TITLE_POS, Text4, GAME_SCR_TEXT_SIZE *3, GAME_SCR_TEXT_COLOR, GAME_SCR_BACKGROUND_COLOR, 6);
      |                                         ^~~~~
In file included from ../Src/Tetris_View_TFT.c:9:
../Inc/TFT_interface.h:32:49: note: expected 'uint8 *' {aka 'unsigned char *'} but argument is of type 'const uint8 *' {aka 'const unsigned char *'}
   32 | void TFT_printString(uint16 x, uint16 y, uint8* string, uint8 size, TFTColor_t charColor,TFTColor_t backgroundColor, uint8 stringDisplayWidth);
      |                                          ~~~~~~~^~~~~~
../Src/Tetris_View_TFT.c:138:44: warning: passing argument 3 of 'TFT_printString' discards 'const' qualifier from pointer target type [-Wdiscarded-qualifiers]
  138 |     TFT_printString(GAME_SCR_SCORE_POS   , Text1, GAME_SCR_TEXT_SIZE, GAME_SCR_TEXT_COLOR, GAME_SCR_BACKGROUND_COLOR, 5);
      |                                            ^~~~~
compilation terminated.
In file included from ../Src/Tetris_View_TFT.c:9:
../Inc/TFT_interface.h:32:49: note: expected 'uint8 *' {aka 'unsigned char *'} but argument is of type 'const uint8 *' {aka 'const unsigned char *'}
   32 | void TFT_printString(uint16 x, uint16 y, uint8* string, uint8 size, TFTColor_t charColor,TFTColor_t backgroundColor, uint8 stringDisplayWidth);
      |                                          ~~~~~~~^~~~~~
../Src/Tetris_View_TFT.c:139:44: warning: passing argument 3 of 'TFT_printString' discards 'const' qualifier from pointer target type [-Wdiscarded-qualifiers]
  139 |     TFT_printString(GAME_SCR_LEVEL_POS   , Text2, GAME_SCR_TEXT_SIZE, GAME_SCR_TEXT_COLOR, GAME_SCR_BACKGROUND_COLOR, 5);
      |                                            ^~~~~
In file included from ../Src/Tetris_View_TFT.c:9:
../Inc/TFT_interface.h:32:49: note: expected 'uint8 *' {aka 'unsigned char *'} but argument is of type 'const uint8 *' {aka 'const unsigned char *'}
   32 | void TFT_printString(uint16 x, uint16 y, uint8* string, uint8 size, TFTColor_t charColor,TFTColor_t backgroundColor, uint8 stringDisplayWidth);
      |                                          ~~~~~~~^~~~~~
../Src/Tetris_View_TFT.c:140:44: warning: passing argument 3 of 'TFT_printString' discards 'const' qualifier from pointer target type [-Wdiscarded-qualifiers]
  140 |     TFT_printString(GAME_SCR_HI_SCORE_POS, Text3, GAME_SCR_TEXT_SIZE, GAME_SCR_TEXT_COLOR, GAME_SCR_BACKGROUND_COLOR, 8);
      |                                            ^~~~~
In file included from ../Src/Tetris_View_TFT.c:9:
../Inc/TFT_interface.h:32:49: note: expected 'uint8 *' {aka 'unsigned char *'} but argument is of type 'const uint8 *' {aka 'const unsigned char *'}
   32 | void TFT_printString(uint16 x, uint16 y, uint8* string, uint8 size, TFTColor_t charColor,TFTColor_t backgroundColor, uint8 stringDisplayWidth);
      |                                          ~~~~~~~^~~~~~
../Src/Tetris_View_TFT.c: In function 'Tetris_View_renderGameOverScreenStaticElements':
../Src/Tetris_View_TFT.c:186:55: warning: passing argument 3 of 'TFT_printString' discards 'const' qualifier from pointer target type [-Wdiscarded-qualifiers]
  186 |     TFT_printString(GAME_OVER_SCR_GAME_OVER_TEXT_POS, Text1, GAME_OVER_SCR_GAME_OVER_TEXT_SIZE, GAME_OVER_SCR_TEXT_COLOR, GAME_OVER_SCR_BACKGROUND_COLOR, 9);
      |                                                       ^~~~~
In file included from ../Src/Tetris_View_TFT.c:9:
../Inc/TFT_interface.h:32:49: note: expected 'uint8 *' {aka 'unsigned char *'} but argument is of type 'const uint8 *' {aka 'const unsigned char *'}
   32 | void TFT_printString(uint16 x, uint16 y, uint8* string, uint8 size, TFTColor_t charColor,TFTColor_t backgroundColor, uint8 stringDisplayWidth);
      |                                          ~~~~~~~^~~~~~
../Src/Tetris_View_TFT.c:189:51: warning: passing argument 3 of 'TFT_printString' discards 'const' qualifier from pointer target type [-Wdiscarded-qualifiers]
  189 |     TFT_printString(GAME_OVER_SCR_SCORE_TEXT_POS, Text2, GAME_OVER_SCR_SCORE_SIZE, GAME_OVER_SCR_TEXT_COLOR, GAME_OVER_SCR_BACKGROUND_COLOR, 12);
      |                                                   ^~~~~
In file included from ../Src/Tetris_View_TFT.c:9:
../Inc/TFT_interface.h:32:49: note: expected 'uint8 *' {aka 'unsigned char *'} but argument is of type 'const uint8 *' {aka 'const unsigned char *'}
   32 | void TFT_printString(uint16 x, uint16 y, uint8* string, uint8 size, TFTColor_t charColor,TFTColor_t backgroundColor, uint8 stringDisplayWidth);
      |                                          ~~~~~~~^~~~~~
make: *** [Src/subdir.mk:58: Src/TFT_program.o] Error 1
make: *** Waiting for unfinished jobs....
make: *** [Inc/subdir.mk:19: Inc/EXTI.o] Error 1
../Src/main.c:23:25: warning: extra tokens at end of #include directive
   23 | #include "Tetris_View.h"b
      |                         ^
../Src/Tetris_Model.c: In function 'updateGamePlay':
../Src/Tetris_Model.c:151:9: warning: implicit declaration of function 'addMovingObjectToGrid'; did you mean 'addMovingObjectTogrid'? [-Wimplicit-function-declaration]
  151 |         addMovingObjectToGrid(model);
      |         ^~~~~~~~~~~~~~~~~~~~~
      |         addMovingObjectTogrid
../Src/Tetris_Model.c: At top level:
../Src/Tetris_Model.c:317:6: warning: conflicting types for 'addMovingObjectToGrid'; have 'void(Tetris_Model_t *)'
  317 | void addMovingObjectToGrid(Tetris_Model_t *model)
      |      ^~~~~~~~~~~~~~~~~~~~~
../Src/Tetris_Model.c:151:9: note: previous implicit declaration of 'addMovingObjectToGrid' with type 'void(Tetris_Model_t *)'
  151 |         addMovingObjectToGrid(model);
      |         ^~~~~~~~~~~~~~~~~~~~~
"make -j16 all" terminated with exit code 2. Build might be incomplete.
08:03:57 **** Incremental Build of configuration Debug for project Tetris ****
make -j16 all 
arm-none-eabi-gcc "../Src/TFT_program.c" -mcpu=cortex-m3 -std=gnu11 -g3 -DDEBUG -DSTM32 -DSTM32F1 -DSTM32F103C8Tx -c -I../Inc -O0 -ffunction-sections -fdata-sections -Wall -fstack-usage -fcyclomatic-complexity -MMD -MP -MF"Src/TFT_program.d" -MT"Src/TFT_program.o" --specs=nano.specs -mfloat-abi=soft -mthumb -o "Src/TFT_program.o"
arm-none-eabi-gcc "../Inc/EXTI.c" -mcpu=cortex-m3 -std=gnu11 -g3 -DDEBUG -DSTM32 -DSTM32F1 -DSTM32F103C8Tx -c -I../Inc -O0 -ffunction-sections -fdata-sections -Wall -fstack-usage -fcyclomatic-complexity -MMD -MP -MF"Inc/EXTI.d" -MT"Inc/EXTI.o" --specs=nano.specs -mfloat-abi=soft -mthumb -o "Inc/EXTI.o"
../Src/TFT_program.c:11:10: fatal error: SPI_interface.h: No such file or directory
   11 | #include "SPI_interface.h"
      |          ^~~~~~~~~~~~~~~~~
compilation terminated.
../Inc/EXTI.c:10:10: fatal error: EXTI_interface.h: No such file or directory
   10 | #include "EXTI_interface.h"
      |          ^~~~~~~~~~~~~~~~~~
compilation terminated.
make: *** [Src/subdir.mk:58: Src/TFT_program.o] Error 1
make: *** Waiting for unfinished jobs....
make: *** [Inc/subdir.mk:19: Inc/EXTI.o] Error 1
"make -j16 all" terminated with exit code 2. Build might be incomplete.
08:04:25 **** Incremental Build of configuration Debug for project Tetris ****
make -j16 all 
arm-none-eabi-gcc "../Src/AFIO.c" -mcpu=cortex-m3 -std=gnu11 -g3 -DDEBUG -DSTM32 -DSTM32F1 -DSTM32F103C8Tx -c -I../Inc -O0 -ffunction-sections -fdata-sections -Wall -fstack-usage -fcyclomatic-complexity -MMD -MP -MF"Src/AFIO.d" -MT"Src/AFIO.o" --specs=nano.specs -mfloat-abi=soft -mthumb -o "Src/AFIO.o"
arm-none-eabi-gcc "../Src/Button.c" -mcpu=cortex-m3 -std=gnu11 -g3 -DDEBUG -DSTM32 -DSTM32F1 -DSTM32F103C8Tx -c -I../Inc -O0 -ffunction-sections -fdata-sections -Wall -fstack-usage -fcyclomatic-complexity -MMD -MP -MF"Src/Button.d" -MT"Src/Button.o" --specs=nano.specs -mfloat-abi=soft -mthumb -o "Src/Button.o"
arm-none-eabi-gcc "../Src/Controller_Buttons.c" -mcpu=cortex-m3 -std=gnu11 -g3 -DDEBUG -DSTM32 -DSTM32F1 -DSTM32F103C8Tx -c -I../Inc -O0 -ffunction-sections -fdata-sections -Wall -fstack-usage -fcyclomatic-complexity -MMD -MP -MF"Src/Controller_Buttons.d" -MT"Src/Controller_Buttons.o" --specs=nano.specs -mfloat-abi=soft -mthumb -o "Src/Controller_Buttons.o"
arm-none-eabi-gcc "../Src/DIO.c" -mcpu=cortex-m3 -std=gnu11 -g3 -DDEBUG -DSTM32 -DSTM32F1 -DSTM32F103C8Tx -c -I../Inc -O0 -ffunction-sections -fdata-sections -Wall -fstack-usage -fcyclomatic-complexity -MMD -MP -MF"Src/DIO.d" -MT"Src/DIO.o" --specs=nano.specs -mfloat-abi=soft -mthumb -o "Src/DIO.o"
arm-none-eabi-gcc "../Src/EXTI.c" -mcpu=cortex-m3 -std=gnu11 -g3 -DDEBUG -DSTM32 -DSTM32F1 -DSTM32F103C8Tx -c -I../Inc -O0 -ffunction-sections -fdata-sections -Wall -fstack-usage -fcyclomatic-complexity -MMD -MP -MF"Src/EXTI.d" -MT"Src/EXTI.o" --specs=nano.specs -mfloat-abi=soft -mthumb -o "Src/EXTI.o"
arm-none-eabi-gcc "../Src/GPT.c" -mcpu=cortex-m3 -std=gnu11 -g3 -DDEBUG -DSTM32 -DSTM32F1 -DSTM32F103C8Tx -c -I../Inc -O0 -ffunction-sections -fdata-sections -Wall -fstack-usage -fcyclomatic-complexity -MMD -MP -MF"Src/GPT.d" -MT"Src/GPT.o" --specs=nano.specs -mfloat-abi=soft -mthumb -o "Src/GPT.o"
arm-none-eabi-gcc "../Src/NVIC.c" -mcpu=cortex-m3 -std=gnu11 -g3 -DDEBUG -DSTM32 -DSTM32F1 -DSTM32F103C8Tx -c -I../Inc -O0 -ffunction-sections -fdata-sections -Wall -fstack-usage -fcyclomatic-complexity -MMD -MP -MF"Src/NVIC.d" -MT"Src/NVIC.o" --specs=nano.specs -mfloat-abi=soft -mthumb -o "Src/NVIC.o"
arm-none-eabi-gcc "../Src/RCC.c" -mcpu=cortex-m3 -std=gnu11 -g3 -DDEBUG -DSTM32 -DSTM32F1 -DSTM32F103C8Tx -c -I../Inc -O0 -ffunction-sections -fdata-sections -Wall -fstack-usage -fcyclomatic-complexity -MMD -MP -MF"Src/RCC.d" -MT"Src/RCC.o" --specs=nano.specs -mfloat-abi=soft -mthumb -o "Src/RCC.o"
arm-none-eabi-gcc "../Src/STK.c" -mcpu=cortex-m3 -std=gnu11 -g3 -DDEBUG -DSTM32 -DSTM32F1 -DSTM32F103C8Tx -c -I../Inc -O0 -ffunction-sections -fdata-sections -Wall -fstack-usage -fcyclomatic-complexity -MMD -MP -MF"Src/STK.d" -MT"Src/STK.o" --specs=nano.specs -mfloat-abi=soft -mthumb -o "Src/STK.o"
arm-none-eabi-gcc "../Src/TFT_program.c" -mcpu=cortex-m3 -std=gnu11 -g3 -DDEBUG -DSTM32 -DSTM32F1 -DSTM32F103C8Tx -c -I../Inc -O0 -ffunction-sections -fdata-sections -Wall -fstack-usage -fcyclomatic-complexity -MMD -MP -MF"Src/TFT_program.d" -MT"Src/TFT_program.o" --specs=nano.specs -mfloat-abi=soft -mthumb -o "Src/TFT_program.o"
arm-none-eabi-gcc "../Src/Tetris_Controller.c" -mcpu=cortex-m3 -std=gnu11 -g3 -DDEBUG -DSTM32 -DSTM32F1 -DSTM32F103C8Tx -c -I../Inc -O0 -ffunction-sections -fdata-sections -Wall -fstack-usage -fcyclomatic-complexity -MMD -MP -MF"Src/Tetris_Controller.d" -MT"Src/Tetris_Controller.o" --specs=nano.specs -mfloat-abi=soft -mthumb -o "Src/Tetris_Controller.o"
arm-none-eabi-gcc "../Src/Tetris_Model.c" -mcpu=cortex-m3 -std=gnu11 -g3 -DDEBUG -DSTM32 -DSTM32F1 -DSTM32F103C8Tx -c -I../Inc -O0 -ffunction-sections -fdata-sections -Wall -fstack-usage -fcyclomatic-complexity -MMD -MP -MF"Src/Tetris_Model.d" -MT"Src/Tetris_Model.o" --specs=nano.specs -mfloat-abi=soft -mthumb -o "Src/Tetris_Model.o"
arm-none-eabi-gcc "../Src/Tetris_View.c" -mcpu=cortex-m3 -std=gnu11 -g3 -DDEBUG -DSTM32 -DSTM32F1 -DSTM32F103C8Tx -c -I../Inc -O0 -ffunction-sections -fdata-sections -Wall -fstack-usage -fcyclomatic-complexity -MMD -MP -MF"Src/Tetris_View.d" -MT"Src/Tetris_View.o" --specs=nano.specs -mfloat-abi=soft -mthumb -o "Src/Tetris_View.o"
arm-none-eabi-gcc "../Src/Tetris_View_TFT.c" -mcpu=cortex-m3 -std=gnu11 -g3 -DDEBUG -DSTM32 -DSTM32F1 -DSTM32F103C8Tx -c -I../Inc -O0 -ffunction-sections -fdata-sections -Wall -fstack-usage -fcyclomatic-complexity -MMD -MP -MF"Src/Tetris_View_TFT.d" -MT"Src/Tetris_View_TFT.o" --specs=nano.specs -mfloat-abi=soft -mthumb -o "Src/Tetris_View_TFT.o"
arm-none-eabi-gcc "../Src/main.c" -mcpu=cortex-m3 -std=gnu11 -g3 -DDEBUG -DSTM32 -DSTM32F1 -DSTM32F103C8Tx -c -I../Inc -O0 -ffunction-sections -fdata-sections -Wall -fstack-usage -fcyclomatic-complexity -MMD -MP -MF"Src/main.d" -MT"Src/main.o" --specs=nano.specs -mfloat-abi=soft -mthumb -o "Src/main.o"
../Src/Tetris_Controller.c: In function 'handleInputNameScreen':
../Src/Tetris_Controller.c:102:9: warning: implicit declaration of function 'modifyPlayerName' [-Wimplicit-function-declaration]
  102 |         modifyPlayerName();
      |         ^~~~~~~~~~~~~~~~
../Src/TFT_program.c:11:10: fatal error: SPI_interface.h: No such file or directory
   11 | #include "SPI_interface.h"
      |          ^~~~~~~~~~~~~~~~~
compilation terminated.
../Src/Tetris_Model.c: In function 'updateGamePlay':
../Src/Tetris_Model.c:151:9: warning: implicit declaration of function 'addMovingObjectToGrid'; did you mean 'addMovingObjectTogrid'? [-Wimplicit-function-declaration]
  151 |         addMovingObjectToGrid(model);
      |         ^~~~~~~~~~~~~~~~~~~~~
      |         addMovingObjectTogrid
../Src/Tetris_Model.c: At top level:
../Src/Tetris_Model.c:317:6: warning: conflicting types for 'addMovingObjectToGrid'; have 'void(Tetris_Model_t *)'
  317 | void addMovingObjectToGrid(Tetris_Model_t *model)
      |      ^~~~~~~~~~~~~~~~~~~~~
../Src/Tetris_Model.c:151:9: note: previous implicit declaration of 'addMovingObjectToGrid' with type 'void(Tetris_Model_t *)'
  151 |         addMovingObjectToGrid(model);
      |         ^~~~~~~~~~~~~~~~~~~~~
make: *** [Src/subdir.mk:61: Src/TFT_program.o] Error 1
make: *** Waiting for unfinished jobs....
../Src/main.c:23:25: warning: extra tokens at end of #include directive
   23 | #include "Tetris_View.h"b
      |                         ^
../Src/Tetris_View_TFT.c: In function 'Tetris_View_renderWelcomeScreenStaticElements':
../Src/Tetris_View_TFT.c:33:44: warning: passing argument 3 of 'TFT_printString' discards 'const' qualifier from pointer target type [-Wdiscarded-qualifiers]
   33 |     TFT_printString(WELCOME_SCR_TITLE_POS, Text, WELCOME_SCR_TITLE_SIZE, WELCOME_SCR_TEXT_COLOR, WELCOME_SCR_BACKGROUND_COLOR, 6);
      |                                            ^~~~
In file included from ../Src/Tetris_View_TFT.c:9:
../Inc/TFT_interface.h:32:49: note: expected 'uint8 *' {aka 'unsigned char *'} but argument is of type 'const uint8 *' {aka 'const unsigned char *'}
   32 | void TFT_printString(uint16 x, uint16 y, uint8* string, uint8 size, TFTColor_t charColor,TFTColor_t backgroundColor, uint8 stringDisplayWidth);
      |                                          ~~~~~~~^~~~~~
../Src/Tetris_View_TFT.c: In function 'Tetris_View_renderWelcomeScreenDynamicElements':
../Src/Tetris_View_TFT.c:49:48: warning: passing argument 3 of 'TFT_printString' discards 'const' qualifier from pointer target type [-Wdiscarded-qualifiers]
   49 |         TFT_printString(WELCOME_SCR_PLAY_POS,  Text1, WELCOME_SCR_CHOICE_SIZE, WELCOME_SCR_SELECT_COLOR, WELCOME_SCR_BACKGROUND_COLOR, 6);
      |                                                ^~~~~
In file included from ../Src/Tetris_View_TFT.c:9:
../Inc/TFT_interface.h:32:49: note: expected 'uint8 *' {aka 'unsigned char *'} but argument is of type 'const uint8 *' {aka 'const unsigned char *'}
   32 | void TFT_printString(uint16 x, uint16 y, uint8* string, uint8 size, TFTColor_t charColor,TFTColor_t backgroundColor, uint8 stringDisplayWidth);
      |                                          ~~~~~~~^~~~~~
../Src/Tetris_View_TFT.c:50:48: warning: passing argument 3 of 'TFT_printString' discards 'const' qualifier from pointer target type [-Wdiscarded-qualifiers]
   50 |         TFT_printString(WELCOME_SCR_SCORE_POS, Text2, WELCOME_SCR_CHOICE_SIZE, WELCOME_SCR_TEXT_COLOR  , WELCOME_SCR_BACKGROUND_COLOR, 6);
      |                                                ^~~~~
In file included from ../Src/Tetris_View_TFT.c:9:
../Inc/TFT_interface.h:32:49: note: expected 'uint8 *' {aka 'unsigned char *'} but argument is of type 'const uint8 *' {aka 'const unsigned char *'}
   32 | void TFT_printString(uint16 x, uint16 y, uint8* string, uint8 size, TFTColor_t charColor,TFTColor_t backgroundColor, uint8 stringDisplayWidth);
      |                                          ~~~~~~~^~~~~~
../Src/Tetris_View_TFT.c:55:48: warning: passing argument 3 of 'TFT_printString' discards 'const' qualifier from pointer target type [-Wdiscarded-qualifiers]
   55 |         TFT_printString(WELCOME_SCR_PLAY_POS,  Text1, WELCOME_SCR_CHOICE_SIZE, WELCOME_SCR_TEXT_COLOR  , WELCOME_SCR_BACKGROUND_COLOR, 4);
      |                                                ^~~~~
In file included from ../Src/Tetris_View_TFT.c:9:
../Inc/TFT_interface.h:32:49: note: expected 'uint8 *' {aka 'unsigned char *'} but argument is of type 'const uint8 *' {aka 'const unsigned char *'}
   32 | void TFT_printString(uint16 x, uint16 y, uint8* string, uint8 size, TFTColor_t charColor,TFTColor_t backgroundColor, uint8 stringDisplayWidth);
      |                                          ~~~~~~~^~~~~~
../Src/Tetris_View_TFT.c:56:48: warning: passing argument 3 of 'TFT_printString' discards 'const' qualifier from pointer target type [-Wdiscarded-qualifiers]
   56 |         TFT_printString(WELCOME_SCR_SCORE_POS, Text2, WELCOME_SCR_CHOICE_SIZE, WELCOME_SCR_SELECT_COLOR, WELCOME_SCR_BACKGROUND_COLOR, 9);
      |                                                ^~~~~
In file included from ../Src/Tetris_View_TFT.c:9:
../Inc/TFT_interface.h:32:49: note: expected 'uint8 *' {aka 'unsigned char *'} but argument is of type 'const uint8 *' {aka 'const unsigned char *'}
   32 | void TFT_printString(uint16 x, uint16 y, uint8* string, uint8 size, TFTColor_t charColor,TFTColor_t backgroundColor, uint8 stringDisplayWidth);
      |                                          ~~~~~~~^~~~~~
../Src/Tetris_View_TFT.c: In function 'Tetris_View_renderTopScoresScreenStaticElements':
../Src/Tetris_View_TFT.c:73:46: warning: passing argument 3 of 'TFT_printString' discards 'const' qualifier from pointer target type [-Wdiscarded-qualifiers]
   73 |     TFT_printString(TOP_SCORE_SCR_TITLE_POS, text, 1, TOP_SCORE_SCR_TEXT_COLOR, TOP_SCORE_SCR_BACKGROUND_COLOR, 12);
      |                                              ^~~~
In file included from ../Src/Tetris_View_TFT.c:9:
../Inc/TFT_interface.h:32:49: note: expected 'uint8 *' {aka 'unsigned char *'} but argument is of type 'const uint8 *' {aka 'const unsigned char *'}
   32 | void TFT_printString(uint16 x, uint16 y, uint8* string, uint8 size, TFTColor_t charColor,TFTColor_t backgroundColor, uint8 stringDisplayWidth);
      |                                          ~~~~~~~^~~~~~
../Src/Tetris_View_TFT.c:76:11: warning: unused variable 'playerIndex' [-Wunused-variable]
   76 |     uint8 playerIndex = Current_Tetris_Player;
      |           ^~~~~~~~~~~
../Src/Tetris_View_TFT.c: In function 'Tetris_View_renderNameInputScreenStaticElements':
../Src/Tetris_View_TFT.c:95:47: warning: passing argument 3 of 'TFT_printString' discards 'const' qualifier from pointer target type [-Wdiscarded-qualifiers]
   95 |     TFT_printString(NAME_INPUT_SCR_TITLE_POS, Text, NAME_INPUT_SCR_TITLE_SIZE, NAME_INPUT_SCR_TEXT_COLOR, NAME_INPUT_SCR_BACKGROUND_COLOR, 13);
      |                                               ^~~~
In file included from ../Src/Tetris_View_TFT.c:9:
../Inc/TFT_interface.h:32:49: note: expected 'uint8 *' {aka 'unsigned char *'} but argument is of type 'const uint8 *' {aka 'const unsigned char *'}
   32 | void TFT_printString(uint16 x, uint16 y, uint8* string, uint8 size, TFTColor_t charColor,TFTColor_t backgroundColor, uint8 stringDisplayWidth);
      |                                          ~~~~~~~^~~~~~
../Src/Tetris_View_TFT.c: In function 'Tetris_View_renderGameScreenStaticElements':
../Src/Tetris_View_TFT.c:128:41: warning: passing argument 3 of 'TFT_printString' discards 'const' qualifier from pointer target type [-Wdiscarded-qualifiers]
  128 |     TFT_printString(GAME_SCR_TITLE_POS, Text4, GAME_SCR_TEXT_SIZE *3, GAME_SCR_TEXT_COLOR, GAME_SCR_BACKGROUND_COLOR, 6);
      |                                         ^~~~~
In file included from ../Src/Tetris_View_TFT.c:9:
../Inc/TFT_interface.h:32:49: note: expected 'uint8 *' {aka 'unsigned char *'} but argument is of type 'const uint8 *' {aka 'const unsigned char *'}
   32 | void TFT_printString(uint16 x, uint16 y, uint8* string, uint8 size, TFTColor_t charColor,TFTColor_t backgroundColor, uint8 stringDisplayWidth);
      |                                          ~~~~~~~^~~~~~
../Src/Tetris_View_TFT.c:138:44: warning: passing argument 3 of 'TFT_printString' discards 'const' qualifier from pointer target type [-Wdiscarded-qualifiers]
  138 |     TFT_printString(GAME_SCR_SCORE_POS   , Text1, GAME_SCR_TEXT_SIZE, GAME_SCR_TEXT_COLOR, GAME_SCR_BACKGROUND_COLOR, 5);
      |                                            ^~~~~
In file included from ../Src/Tetris_View_TFT.c:9:
../Inc/TFT_interface.h:32:49: note: expected 'uint8 *' {aka 'unsigned char *'} but argument is of type 'const uint8 *' {aka 'const unsigned char *'}
   32 | void TFT_printString(uint16 x, uint16 y, uint8* string, uint8 size, TFTColor_t charColor,TFTColor_t backgroundColor, uint8 stringDisplayWidth);
      |                                          ~~~~~~~^~~~~~
../Src/Tetris_View_TFT.c:139:44: warning: passing argument 3 of 'TFT_printString' discards 'const' qualifier from pointer target type [-Wdiscarded-qualifiers]
  139 |     TFT_printString(GAME_SCR_LEVEL_POS   , Text2, GAME_SCR_TEXT_SIZE, GAME_SCR_TEXT_COLOR, GAME_SCR_BACKGROUND_COLOR, 5);
      |                                            ^~~~~
In file included from ../Src/Tetris_View_TFT.c:9:
../Inc/TFT_interface.h:32:49: note: expected 'uint8 *' {aka 'unsigned char *'} but argument is of type 'const uint8 *' {aka 'const unsigned char *'}
   32 | void TFT_printString(uint16 x, uint16 y, uint8* string, uint8 size, TFTColor_t charColor,TFTColor_t backgroundColor, uint8 stringDisplayWidth);
      |                                          ~~~~~~~^~~~~~
../Src/Tetris_View_TFT.c:140:44: warning: passing argument 3 of 'TFT_printString' discards 'const' qualifier from pointer target type [-Wdiscarded-qualifiers]
  140 |     TFT_printString(GAME_SCR_HI_SCORE_POS, Text3, GAME_SCR_TEXT_SIZE, GAME_SCR_TEXT_COLOR, GAME_SCR_BACKGROUND_COLOR, 8);
      |                                            ^~~~~
In file included from ../Src/Tetris_View_TFT.c:9:
../Inc/TFT_interface.h:32:49: note: expected 'uint8 *' {aka 'unsigned char *'} but argument is of type 'const uint8 *' {aka 'const unsigned char *'}
   32 | void TFT_printString(uint16 x, uint16 y, uint8* string, uint8 size, TFTColor_t charColor,TFTColor_t backgroundColor, uint8 stringDisplayWidth);
      |                                          ~~~~~~~^~~~~~
../Src/Tetris_View_TFT.c: In function 'Tetris_View_renderGameOverScreenStaticElements':
../Src/Tetris_View_TFT.c:186:55: warning: passing argument 3 of 'TFT_printString' discards 'const' qualifier from pointer target type [-Wdiscarded-qualifiers]
  186 |     TFT_printString(GAME_OVER_SCR_GAME_OVER_TEXT_POS, Text1, GAME_OVER_SCR_GAME_OVER_TEXT_SIZE, GAME_OVER_SCR_TEXT_COLOR, GAME_OVER_SCR_BACKGROUND_COLOR, 9);
      |                                                       ^~~~~
In file included from ../Src/Tetris_View_TFT.c:9:
../Inc/TFT_interface.h:32:49: note: expected 'uint8 *' {aka 'unsigned char *'} but argument is of type 'const uint8 *' {aka 'const unsigned char *'}
   32 | void TFT_printString(uint16 x, uint16 y, uint8* string, uint8 size, TFTColor_t charColor,TFTColor_t backgroundColor, uint8 stringDisplayWidth);
      |                                          ~~~~~~~^~~~~~
../Src/Tetris_View_TFT.c:189:51: warning: passing argument 3 of 'TFT_printString' discards 'const' qualifier from pointer target type [-Wdiscarded-qualifiers]
  189 |     TFT_printString(GAME_OVER_SCR_SCORE_TEXT_POS, Text2, GAME_OVER_SCR_SCORE_SIZE, GAME_OVER_SCR_TEXT_COLOR, GAME_OVER_SCR_BACKGROUND_COLOR, 12);
      |                                                   ^~~~~
In file included from ../Src/Tetris_View_TFT.c:9:
../Inc/TFT_interface.h:32:49: note: expected 'uint8 *' {aka 'unsigned char *'} but argument is of type 'const uint8 *' {aka 'const unsigned char *'}
   32 | void TFT_printString(uint16 x, uint16 y, uint8* string, uint8 size, TFTColor_t charColor,TFTColor_t backgroundColor, uint8 stringDisplayWidth);
      |                                          ~~~~~~~^~~~~~
"make -j16 all" terminated with exit code 2. Build might be incomplete.
08:04:29 **** Incremental Build of configuration Debug for project Tetris ****
make -j16 all 
arm-none-eabi-gcc "../Src/TFT_program.c" -mcpu=cortex-m3 -std=gnu11 -g3 -DDEBUG -DSTM32 -DSTM32F1 -DSTM32F103C8Tx -c -I../Inc -O0 -ffunction-sections -fdata-sections -Wall -fstack-usage -fcyclomatic-complexity -MMD -MP -MF"Src/TFT_program.d" -MT"Src/TFT_program.o" --specs=nano.specs -mfloat-abi=soft -mthumb -o "Src/TFT_program.o"
../Src/TFT_program.c:11:10: fatal error: SPI_interface.h: No such file or directory
   11 | #include "SPI_interface.h"
      |          ^~~~~~~~~~~~~~~~~
compilation terminated.
make: *** [Src/subdir.mk:61: Src/TFT_program.o] Error 1
"make -j16 all" terminated with exit code 2. Build might be incomplete.
08:05:10 **** Incremental Build of configuration Debug for project Tetris ****
make -j16 all 
arm-none-eabi-gcc "../Src/AFIO.c" -mcpu=cortex-m3 -std=gnu11 -g3 -DDEBUG -DSTM32 -DSTM32F1 -DSTM32F103C8Tx -c -I../Inc -O0 -ffunction-sections -fdata-sections -Wall -fstack-usage -fcyclomatic-complexity -MMD -MP -MF"Src/AFIO.d" -MT"Src/AFIO.o" --specs=nano.specs -mfloat-abi=soft -mthumb -o "Src/AFIO.o"
arm-none-eabi-gcc "../Src/Button.c" -mcpu=cortex-m3 -std=gnu11 -g3 -DDEBUG -DSTM32 -DSTM32F1 -DSTM32F103C8Tx -c -I../Inc -O0 -ffunction-sections -fdata-sections -Wall -fstack-usage -fcyclomatic-complexity -MMD -MP -MF"Src/Button.d" -MT"Src/Button.o" --specs=nano.specs -mfloat-abi=soft -mthumb -o "Src/Button.o"
arm-none-eabi-gcc "../Src/Controller_Buttons.c" -mcpu=cortex-m3 -std=gnu11 -g3 -DDEBUG -DSTM32 -DSTM32F1 -DSTM32F103C8Tx -c -I../Inc -O0 -ffunction-sections -fdata-sections -Wall -fstack-usage -fcyclomatic-complexity -MMD -MP -MF"Src/Controller_Buttons.d" -MT"Src/Controller_Buttons.o" --specs=nano.specs -mfloat-abi=soft -mthumb -o "Src/Controller_Buttons.o"
arm-none-eabi-gcc "../Src/DIO.c" -mcpu=cortex-m3 -std=gnu11 -g3 -DDEBUG -DSTM32 -DSTM32F1 -DSTM32F103C8Tx -c -I../Inc -O0 -ffunction-sections -fdata-sections -Wall -fstack-usage -fcyclomatic-complexity -MMD -MP -MF"Src/DIO.d" -MT"Src/DIO.o" --specs=nano.specs -mfloat-abi=soft -mthumb -o "Src/DIO.o"
arm-none-eabi-gcc "../Src/EXTI.c" -mcpu=cortex-m3 -std=gnu11 -g3 -DDEBUG -DSTM32 -DSTM32F1 -DSTM32F103C8Tx -c -I../Inc -O0 -ffunction-sections -fdata-sections -Wall -fstack-usage -fcyclomatic-complexity -MMD -MP -MF"Src/EXTI.d" -MT"Src/EXTI.o" --specs=nano.specs -mfloat-abi=soft -mthumb -o "Src/EXTI.o"
arm-none-eabi-gcc "../Src/GPT.c" -mcpu=cortex-m3 -std=gnu11 -g3 -DDEBUG -DSTM32 -DSTM32F1 -DSTM32F103C8Tx -c -I../Inc -O0 -ffunction-sections -fdata-sections -Wall -fstack-usage -fcyclomatic-complexity -MMD -MP -MF"Src/GPT.d" -MT"Src/GPT.o" --specs=nano.specs -mfloat-abi=soft -mthumb -o "Src/GPT.o"
arm-none-eabi-gcc "../Src/NVIC.c" -mcpu=cortex-m3 -std=gnu11 -g3 -DDEBUG -DSTM32 -DSTM32F1 -DSTM32F103C8Tx -c -I../Inc -O0 -ffunction-sections -fdata-sections -Wall -fstack-usage -fcyclomatic-complexity -MMD -MP -MF"Src/NVIC.d" -MT"Src/NVIC.o" --specs=nano.specs -mfloat-abi=soft -mthumb -o "Src/NVIC.o"
arm-none-eabi-gcc "../Src/RCC.c" -mcpu=cortex-m3 -std=gnu11 -g3 -DDEBUG -DSTM32 -DSTM32F1 -DSTM32F103C8Tx -c -I../Inc -O0 -ffunction-sections -fdata-sections -Wall -fstack-usage -fcyclomatic-complexity -MMD -MP -MF"Src/RCC.d" -MT"Src/RCC.o" --specs=nano.specs -mfloat-abi=soft -mthumb -o "Src/RCC.o"
arm-none-eabi-gcc "../Src/SPI.c" -mcpu=cortex-m3 -std=gnu11 -g3 -DDEBUG -DSTM32 -DSTM32F1 -DSTM32F103C8Tx -c -I../Inc -O0 -ffunction-sections -fdata-sections -Wall -fstack-usage -fcyclomatic-complexity -MMD -MP -MF"Src/SPI.d" -MT"Src/SPI.o" --specs=nano.specs -mfloat-abi=soft -mthumb -o "Src/SPI.o"
arm-none-eabi-gcc "../Src/STK.c" -mcpu=cortex-m3 -std=gnu11 -g3 -DDEBUG -DSTM32 -DSTM32F1 -DSTM32F103C8Tx -c -I../Inc -O0 -ffunction-sections -fdata-sections -Wall -fstack-usage -fcyclomatic-complexity -MMD -MP -MF"Src/STK.d" -MT"Src/STK.o" --specs=nano.specs -mfloat-abi=soft -mthumb -o "Src/STK.o"
arm-none-eabi-gcc "../Src/TFT_program.c" -mcpu=cortex-m3 -std=gnu11 -g3 -DDEBUG -DSTM32 -DSTM32F1 -DSTM32F103C8Tx -c -I../Inc -O0 -ffunction-sections -fdata-sections -Wall -fstack-usage -fcyclomatic-complexity -MMD -MP -MF"Src/TFT_program.d" -MT"Src/TFT_program.o" --specs=nano.specs -mfloat-abi=soft -mthumb -o "Src/TFT_program.o"
arm-none-eabi-gcc "../Src/Tetris_Controller.c" -mcpu=cortex-m3 -std=gnu11 -g3 -DDEBUG -DSTM32 -DSTM32F1 -DSTM32F103C8Tx -c -I../Inc -O0 -ffunction-sections -fdata-sections -Wall -fstack-usage -fcyclomatic-complexity -MMD -MP -MF"Src/Tetris_Controller.d" -MT"Src/Tetris_Controller.o" --specs=nano.specs -mfloat-abi=soft -mthumb -o "Src/Tetris_Controller.o"
arm-none-eabi-gcc "../Src/Tetris_Model.c" -mcpu=cortex-m3 -std=gnu11 -g3 -DDEBUG -DSTM32 -DSTM32F1 -DSTM32F103C8Tx -c -I../Inc -O0 -ffunction-sections -fdata-sections -Wall -fstack-usage -fcyclomatic-complexity -MMD -MP -MF"Src/Tetris_Model.d" -MT"Src/Tetris_Model.o" --specs=nano.specs -mfloat-abi=soft -mthumb -o "Src/Tetris_Model.o"
arm-none-eabi-gcc "../Src/Tetris_View.c" -mcpu=cortex-m3 -std=gnu11 -g3 -DDEBUG -DSTM32 -DSTM32F1 -DSTM32F103C8Tx -c -I../Inc -O0 -ffunction-sections -fdata-sections -Wall -fstack-usage -fcyclomatic-complexity -MMD -MP -MF"Src/Tetris_View.d" -MT"Src/Tetris_View.o" --specs=nano.specs -mfloat-abi=soft -mthumb -o "Src/Tetris_View.o"
arm-none-eabi-gcc "../Src/Tetris_View_TFT.c" -mcpu=cortex-m3 -std=gnu11 -g3 -DDEBUG -DSTM32 -DSTM32F1 -DSTM32F103C8Tx -c -I../Inc -O0 -ffunction-sections -fdata-sections -Wall -fstack-usage -fcyclomatic-complexity -MMD -MP -MF"Src/Tetris_View_TFT.d" -MT"Src/Tetris_View_TFT.o" --specs=nano.specs -mfloat-abi=soft -mthumb -o "Src/Tetris_View_TFT.o"
arm-none-eabi-gcc "../Src/main.c" -mcpu=cortex-m3 -std=gnu11 -g3 -DDEBUG -DSTM32 -DSTM32F1 -DSTM32F103C8Tx -c -I../Inc -O0 -ffunction-sections -fdata-sections -Wall -fstack-usage -fcyclomatic-complexity -MMD -MP -MF"Src/main.d" -MT"Src/main.o" --specs=nano.specs -mfloat-abi=soft -mthumb -o "Src/main.o"
../Src/Tetris_Model.c: In function 'updateGamePlay':
../Src/Tetris_Model.c:151:9: warning: implicit declaration of function 'addMovingObjectToGrid'; did you mean 'addMovingObjectTogrid'? [-Wimplicit-function-declaration]
  151 |         addMovingObjectToGrid(model);
      |         ^~~~~~~~~~~~~~~~~~~~~
      |         addMovingObjectTogrid
../Src/Tetris_Model.c: At top level:
../Src/Tetris_Model.c:317:6: warning: conflicting types for 'addMovingObjectToGrid'; have 'void(Tetris_Model_t *)'
  317 | void addMovingObjectToGrid(Tetris_Model_t *model)
      |      ^~~~~~~~~~~~~~~~~~~~~
../Src/Tetris_Model.c:151:9: note: previous implicit declaration of 'addMovingObjectToGrid' with type 'void(Tetris_Model_t *)'
  151 |         addMovingObjectToGrid(model);
      |         ^~~~~~~~~~~~~~~~~~~~~
../Src/TFT_program.c: In function 'TFT_printString':
../Src/TFT_program.c:201:23: warning: implicit declaration of function 'strlen' [-Wimplicit-function-declaration]
  201 |     while(charIndex < strlen(string))
      |                       ^~~~~~
../Src/TFT_program.c:19:1: note: include '<string.h>' or provide a declaration of 'strlen'
   18 | #include "TFT_config.h"
  +++ |+#include <string.h>
   19 | 
../Src/TFT_program.c:201:23: warning: incompatible implicit declaration of built-in function 'strlen' [-Wbuiltin-declaration-mismatch]
  201 |     while(charIndex < strlen(string))
      |                       ^~~~~~
../Src/TFT_program.c:201:23: note: include '<string.h>' or provide a declaration of 'strlen'
../Src/TFT_program.c:201:30: warning: pointer targets in passing argument 1 of 'strlen' differ in signedness [-Wpointer-sign]
  201 |     while(charIndex < strlen(string))
      |                              ^~~~~~
      |                              |
      |                              uint8 * {aka unsigned char *}
../Src/TFT_program.c:201:30: note: expected 'const char *' but argument is of type 'uint8 *' {aka 'unsigned char *'}
../Src/TFT_program.c: In function 'convertNumToString':
../Src/TFT_program.c:262:16: warning: comparison between pointer and integer
  262 |     if(*string == NULL)
      |                ^~
../Src/TFT_program.c: In function 'reverseString':
../Src/TFT_program.c:271:16: warning: comparison between pointer and integer
  271 |     if(*string != NULL)
      |                ^~
../Src/TFT_program.c:273:30: warning: incompatible implicit declaration of built-in function 'strlen' [-Wbuiltin-declaration-mismatch]
  273 |         uint8 start =0, end =strlen(string) -1;
      |                              ^~~~~~
../Src/TFT_program.c:273:30: note: include '<string.h>' or provide a declaration of 'strlen'
../Src/TFT_program.c:273:37: warning: pointer targets in passing argument 1 of 'strlen' differ in signedness [-Wpointer-sign]
  273 |         uint8 start =0, end =strlen(string) -1;
      |                                     ^~~~~~
      |                                     |
      |                                     uint8 * {aka unsigned char *}
../Src/TFT_program.c:273:37: note: expected 'const char *' but argument is of type 'uint8 *' {aka 'unsigned char *'}
../Src/Tetris_Controller.c: In function 'handleInputNameScreen':
../Src/Tetris_Controller.c:102:9: warning: implicit declaration of function 'modifyPlayerName' [-Wimplicit-function-declaration]
  102 |         modifyPlayerName();
      |         ^~~~~~~~~~~~~~~~
../Src/main.c:23:25: warning: extra tokens at end of #include directive
   23 | #include "Tetris_View.h"b
      |                         ^
../Src/Tetris_View_TFT.c: In function 'Tetris_View_renderWelcomeScreenStaticElements':
../Src/Tetris_View_TFT.c:33:44: warning: passing argument 3 of 'TFT_printString' discards 'const' qualifier from pointer target type [-Wdiscarded-qualifiers]
   33 |     TFT_printString(WELCOME_SCR_TITLE_POS, Text, WELCOME_SCR_TITLE_SIZE, WELCOME_SCR_TEXT_COLOR, WELCOME_SCR_BACKGROUND_COLOR, 6);
      |                                            ^~~~
In file included from ../Src/Tetris_View_TFT.c:9:
../Inc/TFT_interface.h:32:49: note: expected 'uint8 *' {aka 'unsigned char *'} but argument is of type 'const uint8 *' {aka 'const unsigned char *'}
   32 | void TFT_printString(uint16 x, uint16 y, uint8* string, uint8 size, TFTColor_t charColor,TFTColor_t backgroundColor, uint8 stringDisplayWidth);
      |                                          ~~~~~~~^~~~~~
../Src/Tetris_View_TFT.c: In function 'Tetris_View_renderWelcomeScreenDynamicElements':
../Src/Tetris_View_TFT.c:49:48: warning: passing argument 3 of 'TFT_printString' discards 'const' qualifier from pointer target type [-Wdiscarded-qualifiers]
   49 |         TFT_printString(WELCOME_SCR_PLAY_POS,  Text1, WELCOME_SCR_CHOICE_SIZE, WELCOME_SCR_SELECT_COLOR, WELCOME_SCR_BACKGROUND_COLOR, 6);
      |                                                ^~~~~
In file included from ../Src/Tetris_View_TFT.c:9:
../Inc/TFT_interface.h:32:49: note: expected 'uint8 *' {aka 'unsigned char *'} but argument is of type 'const uint8 *' {aka 'const unsigned char *'}
   32 | void TFT_printString(uint16 x, uint16 y, uint8* string, uint8 size, TFTColor_t charColor,TFTColor_t backgroundColor, uint8 stringDisplayWidth);
      |                                          ~~~~~~~^~~~~~
../Src/Tetris_View_TFT.c:50:48: warning: passing argument 3 of 'TFT_printString' discards 'const' qualifier from pointer target type [-Wdiscarded-qualifiers]
   50 |         TFT_printString(WELCOME_SCR_SCORE_POS, Text2, WELCOME_SCR_CHOICE_SIZE, WELCOME_SCR_TEXT_COLOR  , WELCOME_SCR_BACKGROUND_COLOR, 6);
      |                                                ^~~~~
In file included from ../Src/Tetris_View_TFT.c:9:
../Inc/TFT_interface.h:32:49: note: expected 'uint8 *' {aka 'unsigned char *'} but argument is of type 'const uint8 *' {aka 'const unsigned char *'}
   32 | void TFT_printString(uint16 x, uint16 y, uint8* string, uint8 size, TFTColor_t charColor,TFTColor_t backgroundColor, uint8 stringDisplayWidth);
      |                                          ~~~~~~~^~~~~~
../Src/Tetris_View_TFT.c:55:48: warning: passing argument 3 of 'TFT_printString' discards 'const' qualifier from pointer target type [-Wdiscarded-qualifiers]
   55 |         TFT_printString(WELCOME_SCR_PLAY_POS,  Text1, WELCOME_SCR_CHOICE_SIZE, WELCOME_SCR_TEXT_COLOR  , WELCOME_SCR_BACKGROUND_COLOR, 4);
      |                                                ^~~~~
In file included from ../Src/Tetris_View_TFT.c:9:
../Inc/TFT_interface.h:32:49: note: expected 'uint8 *' {aka 'unsigned char *'} but argument is of type 'const uint8 *' {aka 'const unsigned char *'}
   32 | void TFT_printString(uint16 x, uint16 y, uint8* string, uint8 size, TFTColor_t charColor,TFTColor_t backgroundColor, uint8 stringDisplayWidth);
      |                                          ~~~~~~~^~~~~~
../Src/Tetris_View_TFT.c:56:48: warning: passing argument 3 of 'TFT_printString' discards 'const' qualifier from pointer target type [-Wdiscarded-qualifiers]
   56 |         TFT_printString(WELCOME_SCR_SCORE_POS, Text2, WELCOME_SCR_CHOICE_SIZE, WELCOME_SCR_SELECT_COLOR, WELCOME_SCR_BACKGROUND_COLOR, 9);
      |                                                ^~~~~
In file included from ../Src/Tetris_View_TFT.c:9:
../Inc/TFT_interface.h:32:49: note: expected 'uint8 *' {aka 'unsigned char *'} but argument is of type 'const uint8 *' {aka 'const unsigned char *'}
   32 | void TFT_printString(uint16 x, uint16 y, uint8* string, uint8 size, TFTColor_t charColor,TFTColor_t backgroundColor, uint8 stringDisplayWidth);
      |                                          ~~~~~~~^~~~~~
../Src/Tetris_View_TFT.c: In function 'Tetris_View_renderTopScoresScreenStaticElements':
../Src/Tetris_View_TFT.c:73:46: warning: passing argument 3 of 'TFT_printString' discards 'const' qualifier from pointer target type [-Wdiscarded-qualifiers]
   73 |     TFT_printString(TOP_SCORE_SCR_TITLE_POS, text, 1, TOP_SCORE_SCR_TEXT_COLOR, TOP_SCORE_SCR_BACKGROUND_COLOR, 12);
      |                                              ^~~~
In file included from ../Src/Tetris_View_TFT.c:9:
../Inc/TFT_interface.h:32:49: note: expected 'uint8 *' {aka 'unsigned char *'} but argument is of type 'const uint8 *' {aka 'const unsigned char *'}
   32 | void TFT_printString(uint16 x, uint16 y, uint8* string, uint8 size, TFTColor_t charColor,TFTColor_t backgroundColor, uint8 stringDisplayWidth);
      |                                          ~~~~~~~^~~~~~
../Src/Tetris_View_TFT.c:76:11: warning: unused variable 'playerIndex' [-Wunused-variable]
   76 |     uint8 playerIndex = Current_Tetris_Player;
      |           ^~~~~~~~~~~
../Src/Tetris_View_TFT.c: In function 'Tetris_View_renderNameInputScreenStaticElements':
../Src/Tetris_View_TFT.c:95:47: warning: passing argument 3 of 'TFT_printString' discards 'const' qualifier from pointer target type [-Wdiscarded-qualifiers]
   95 |     TFT_printString(NAME_INPUT_SCR_TITLE_POS, Text, NAME_INPUT_SCR_TITLE_SIZE, NAME_INPUT_SCR_TEXT_COLOR, NAME_INPUT_SCR_BACKGROUND_COLOR, 13);
      |                                               ^~~~
In file included from ../Src/Tetris_View_TFT.c:9:
../Inc/TFT_interface.h:32:49: note: expected 'uint8 *' {aka 'unsigned char *'} but argument is of type 'const uint8 *' {aka 'const unsigned char *'}
   32 | void TFT_printString(uint16 x, uint16 y, uint8* string, uint8 size, TFTColor_t charColor,TFTColor_t backgroundColor, uint8 stringDisplayWidth);
      |                                          ~~~~~~~^~~~~~
../Src/Tetris_View_TFT.c: In function 'Tetris_View_renderGameScreenStaticElements':
../Src/Tetris_View_TFT.c:128:41: warning: passing argument 3 of 'TFT_printString' discards 'const' qualifier from pointer target type [-Wdiscarded-qualifiers]
  128 |     TFT_printString(GAME_SCR_TITLE_POS, Text4, GAME_SCR_TEXT_SIZE *3, GAME_SCR_TEXT_COLOR, GAME_SCR_BACKGROUND_COLOR, 6);
      |                                         ^~~~~
In file included from ../Src/Tetris_View_TFT.c:9:
../Inc/TFT_interface.h:32:49: note: expected 'uint8 *' {aka 'unsigned char *'} but argument is of type 'const uint8 *' {aka 'const unsigned char *'}
   32 | void TFT_printString(uint16 x, uint16 y, uint8* string, uint8 size, TFTColor_t charColor,TFTColor_t backgroundColor, uint8 stringDisplayWidth);
      |                                          ~~~~~~~^~~~~~
../Src/Tetris_View_TFT.c:138:44: warning: passing argument 3 of 'TFT_printString' discards 'const' qualifier from pointer target type [-Wdiscarded-qualifiers]
  138 |     TFT_printString(GAME_SCR_SCORE_POS   , Text1, GAME_SCR_TEXT_SIZE, GAME_SCR_TEXT_COLOR, GAME_SCR_BACKGROUND_COLOR, 5);
      |                                            ^~~~~
In file included from ../Src/Tetris_View_TFT.c:9:
../Inc/TFT_interface.h:32:49: note: expected 'uint8 *' {aka 'unsigned char *'} but argument is of type 'const uint8 *' {aka 'const unsigned char *'}
   32 | void TFT_printString(uint16 x, uint16 y, uint8* string, uint8 size, TFTColor_t charColor,TFTColor_t backgroundColor, uint8 stringDisplayWidth);
      |                                          ~~~~~~~^~~~~~
../Src/Tetris_View_TFT.c:139:44: warning: passing argument 3 of 'TFT_printString' discards 'const' qualifier from pointer target type [-Wdiscarded-qualifiers]
  139 |     TFT_printString(GAME_SCR_LEVEL_POS   , Text2, GAME_SCR_TEXT_SIZE, GAME_SCR_TEXT_COLOR, GAME_SCR_BACKGROUND_COLOR, 5);
      |                                            ^~~~~
In file included from ../Src/Tetris_View_TFT.c:9:
../Inc/TFT_interface.h:32:49: note: expected 'uint8 *' {aka 'unsigned char *'} but argument is of type 'const uint8 *' {aka 'const unsigned char *'}
   32 | void TFT_printString(uint16 x, uint16 y, uint8* string, uint8 size, TFTColor_t charColor,TFTColor_t backgroundColor, uint8 stringDisplayWidth);
      |                                          ~~~~~~~^~~~~~
../Src/Tetris_View_TFT.c:140:44: warning: passing argument 3 of 'TFT_printString' discards 'const' qualifier from pointer target type [-Wdiscarded-qualifiers]
  140 |     TFT_printString(GAME_SCR_HI_SCORE_POS, Text3, GAME_SCR_TEXT_SIZE, GAME_SCR_TEXT_COLOR, GAME_SCR_BACKGROUND_COLOR, 8);
      |                                            ^~~~~
In file included from ../Src/Tetris_View_TFT.c:9:
../Inc/TFT_interface.h:32:49: note: expected 'uint8 *' {aka 'unsigned char *'} but argument is of type 'const uint8 *' {aka 'const unsigned char *'}
   32 | void TFT_printString(uint16 x, uint16 y, uint8* string, uint8 size, TFTColor_t charColor,TFTColor_t backgroundColor, uint8 stringDisplayWidth);
      |                                          ~~~~~~~^~~~~~
../Src/Tetris_View_TFT.c: In function 'Tetris_View_renderGameOverScreenStaticElements':
../Src/Tetris_View_TFT.c:186:55: warning: passing argument 3 of 'TFT_printString' discards 'const' qualifier from pointer target type [-Wdiscarded-qualifiers]
  186 |     TFT_printString(GAME_OVER_SCR_GAME_OVER_TEXT_POS, Text1, GAME_OVER_SCR_GAME_OVER_TEXT_SIZE, GAME_OVER_SCR_TEXT_COLOR, GAME_OVER_SCR_BACKGROUND_COLOR, 9);
      |                                                       ^~~~~
In file included from ../Src/Tetris_View_TFT.c:9:
../Inc/TFT_interface.h:32:49: note: expected 'uint8 *' {aka 'unsigned char *'} but argument is of type 'const uint8 *' {aka 'const unsigned char *'}
   32 | void TFT_printString(uint16 x, uint16 y, uint8* string, uint8 size, TFTColor_t charColor,TFTColor_t backgroundColor, uint8 stringDisplayWidth);
      |                                          ~~~~~~~^~~~~~
../Src/Tetris_View_TFT.c:189:51: warning: passing argument 3 of 'TFT_printString' discards 'const' qualifier from pointer target type [-Wdiscarded-qualifiers]
  189 |     TFT_printString(GAME_OVER_SCR_SCORE_TEXT_POS, Text2, GAME_OVER_SCR_SCORE_SIZE, GAME_OVER_SCR_TEXT_COLOR, GAME_OVER_SCR_BACKGROUND_COLOR, 12);
      |                                                   ^~~~~
In file included from ../Src/Tetris_View_TFT.c:9:
../Inc/TFT_interface.h:32:49: note: expected 'uint8 *' {aka 'unsigned char *'} but argument is of type 'const uint8 *' {aka 'const unsigned char *'}
   32 | void TFT_printString(uint16 x, uint16 y, uint8* string, uint8 size, TFTColor_t charColor,TFTColor_t backgroundColor, uint8 stringDisplayWidth);
      |                                          ~~~~~~~^~~~~~
arm-none-eabi-gcc -o "Tetris.elf" @"objects.list"   -mcpu=cortex-m3 -T"G:\ARM_IMT\My System\Workspace\Tetris\Tetris\STM32F103C8TX_FLASH.ld" --specs=nosys.specs -Wl,-Map="Tetris.map" -Wl,--gc-sections -static --specs=nano.specs -mfloat-abi=soft -mthumb -Wl,--start-group -lc -lm -Wl,--end-group
C:/ST/STM32CubeIDE_1.13.1/STM32CubeIDE/plugins/com.st.stm32cube.ide.mcu.externaltools.gnu-tools-for-stm32.11.3.rel1.win32_1.1.0.202305231506/tools/bin/../lib/gcc/arm-none-eabi/11.3.1/../../../../arm-none-eabi/bin/ld.exe: C:/ST/STM32CubeIDE_1.13.1/STM32CubeIDE/plugins/com.st.stm32cube.ide.mcu.externaltools.gnu-tools-for-stm32.11.3.rel1.win32_1.1.0.202305231506/tools/bin/../lib/gcc/arm-none-eabi/11.3.1/../../../../arm-none-eabi/lib/thumb/v7-m/nofp\libc_nano.a(libc_a-closer.o): in function `_close_r':
(.text._close_r+0xc): warning: _close is not implemented and will always fail
C:/ST/STM32CubeIDE_1.13.1/STM32CubeIDE/plugins/com.st.stm32cube.ide.mcu.externaltools.gnu-tools-for-stm32.11.3.rel1.win32_1.1.0.202305231506/tools/bin/../lib/gcc/arm-none-eabi/11.3.1/../../../../arm-none-eabi/bin/ld.exe: C:/ST/STM32CubeIDE_1.13.1/STM32CubeIDE/plugins/com.st.stm32cube.ide.mcu.externaltools.gnu-tools-for-stm32.11.3.rel1.win32_1.1.0.202305231506/tools/bin/../lib/gcc/arm-none-eabi/11.3.1/../../../../arm-none-eabi/lib/thumb/v7-m/nofp\libc_nano.a(libc_a-lseekr.o): in function `_lseek_r':
(.text._lseek_r+0x10): warning: _lseek is not implemented and will always fail
C:/ST/STM32CubeIDE_1.13.1/STM32CubeIDE/plugins/com.st.stm32cube.ide.mcu.externaltools.gnu-tools-for-stm32.11.3.rel1.win32_1.1.0.202305231506/tools/bin/../lib/gcc/arm-none-eabi/11.3.1/../../../../arm-none-eabi/bin/ld.exe: C:/ST/STM32CubeIDE_1.13.1/STM32CubeIDE/plugins/com.st.stm32cube.ide.mcu.externaltools.gnu-tools-for-stm32.11.3.rel1.win32_1.1.0.202305231506/tools/bin/../lib/gcc/arm-none-eabi/11.3.1/../../../../arm-none-eabi/lib/thumb/v7-m/nofp\libc_nano.a(libc_a-readr.o): in function `_read_r':
(.text._read_r+0x10): warning: _read is not implemented and will always fail
C:/ST/STM32CubeIDE_1.13.1/STM32CubeIDE/plugins/com.st.stm32cube.ide.mcu.externaltools.gnu-tools-for-stm32.11.3.rel1.win32_1.1.0.202305231506/tools/bin/../lib/gcc/arm-none-eabi/11.3.1/../../../../arm-none-eabi/bin/ld.exe: C:/ST/STM32CubeIDE_1.13.1/STM32CubeIDE/plugins/com.st.stm32cube.ide.mcu.externaltools.gnu-tools-for-stm32.11.3.rel1.win32_1.1.0.202305231506/tools/bin/../lib/gcc/arm-none-eabi/11.3.1/../../../../arm-none-eabi/lib/thumb/v7-m/nofp\libc_nano.a(libc_a-writer.o): in function `_write_r':
(.text._write_r+0x10): warning: _write is not implemented and will always fail
Finished building target: Tetris.elf
 
arm-none-eabi-size   Tetris.elf 
arm-none-eabi-objdump -h -S  Tetris.elf  > "Tetris.list"
   text	   data	    bss	    dec	    hex	filename
  18712	     96	   1896	  20704	   50e0	Tetris.elf
Finished building: default.size.stdout
 
Finished building: Tetris.list
 
08:05:13 **** Incremental Build of configuration Debug for project Tetris ****
make -j16 all 
arm-none-eabi-size   Tetris.elf 
   text	   data	    bss	    dec	    hex	filename
  18712	     96	   1896	  20704	   50e0	Tetris.elf
Finished building: default.size.stdout
 
08:09:54 **** Incremental Build of configuration Debug for project Tetris ****
make -j16 all 
arm-none-eabi-gcc -qdwarf-2 -mcpu=cortex-m3 -g3 -DDEBUG -c -x assembler-with-cpp -MMD -MP -MF"Startup/startup_stm32f103c8tx.d" -MT"Startup/startup_stm32f103c8tx.o" --specs=nano.specs -mfloat-abi=soft -mthumb -o "Startup/startup_stm32f103c8tx.o" "../Startup/startup_stm32f103c8tx.s"
arm-none-eabi-gcc -qdwarf-2 "../Src/AFIO.c" -mcpu=cortex-m3 -std=gnu11 -g3 -DDEBUG -DSTM32 -DSTM32F1 -DSTM32F103C8Tx -c -I../Inc -O0 -ffunction-sections -fdata-sections -Wall -fstack-usage -fcyclomatic-complexity -MMD -MP -MF"Src/AFIO.d" -MT"Src/AFIO.o" --specs=nano.specs -mfloat-abi=soft -mthumb -o "Src/AFIO.o"
arm-none-eabi-gcc -qdwarf-2 "../Src/Button.c" -mcpu=cortex-m3 -std=gnu11 -g3 -DDEBUG -DSTM32 -DSTM32F1 -DSTM32F103C8Tx -c -I../Inc -O0 -ffunction-sections -fdata-sections -Wall -fstack-usage -fcyclomatic-complexity -MMD -MP -MF"Src/Button.d" -MT"Src/Button.o" --specs=nano.specs -mfloat-abi=soft -mthumb -o "Src/Button.o"
arm-none-eabi-gcc -qdwarf-2 "../Src/Controller_Buttons.c" -mcpu=cortex-m3 -std=gnu11 -g3 -DDEBUG -DSTM32 -DSTM32F1 -DSTM32F103C8Tx -c -I../Inc -O0 -ffunction-sections -fdata-sections -Wall -fstack-usage -fcyclomatic-complexity -MMD -MP -MF"Src/Controller_Buttons.d" -MT"Src/Controller_Buttons.o" --specs=nano.specs -mfloat-abi=soft -mthumb -o "Src/Controller_Buttons.o"
arm-none-eabi-gcc -qdwarf-2 "../Src/DIO.c" -mcpu=cortex-m3 -std=gnu11 -g3 -DDEBUG -DSTM32 -DSTM32F1 -DSTM32F103C8Tx -c -I../Inc -O0 -ffunction-sections -fdata-sections -Wall -fstack-usage -fcyclomatic-complexity -MMD -MP -MF"Src/DIO.d" -MT"Src/DIO.o" --specs=nano.specs -mfloat-abi=soft -mthumb -o "Src/DIO.o"
arm-none-eabi-gcc -qdwarf-2 "../Src/EXTI.c" -mcpu=cortex-m3 -std=gnu11 -g3 -DDEBUG -DSTM32 -DSTM32F1 -DSTM32F103C8Tx -c -I../Inc -O0 -ffunction-sections -fdata-sections -Wall -fstack-usage -fcyclomatic-complexity -MMD -MP -MF"Src/EXTI.d" -MT"Src/EXTI.o" --specs=nano.specs -mfloat-abi=soft -mthumb -o "Src/EXTI.o"
arm-none-eabi-gcc -qdwarf-2 "../Src/GPT.c" -mcpu=cortex-m3 -std=gnu11 -g3 -DDEBUG -DSTM32 -DSTM32F1 -DSTM32F103C8Tx -c -I../Inc -O0 -ffunction-sections -fdata-sections -Wall -fstack-usage -fcyclomatic-complexity -MMD -MP -MF"Src/GPT.d" -MT"Src/GPT.o" --specs=nano.specs -mfloat-abi=soft -mthumb -o "Src/GPT.o"
arm-none-eabi-gcc -qdwarf-2 "../Src/NVIC.c" -mcpu=cortex-m3 -std=gnu11 -g3 -DDEBUG -DSTM32 -DSTM32F1 -DSTM32F103C8Tx -c -I../Inc -O0 -ffunction-sections -fdata-sections -Wall -fstack-usage -fcyclomatic-complexity -MMD -MP -MF"Src/NVIC.d" -MT"Src/NVIC.o" --specs=nano.specs -mfloat-abi=soft -mthumb -o "Src/NVIC.o"
arm-none-eabi-gcc: error: unrecognized command-line option '-qdwarf-2'; did you mean '-gdwarf-'?
arm-none-eabi-gcc: error: unrecognized command-line option '-qdwarf-2'; did you mean '-gdwarf-'?
arm-none-eabi-gcc -qdwarf-2 "../Src/RCC.c" -mcpu=cortex-m3 -std=gnu11 -g3 -DDEBUG -DSTM32 -DSTM32F1 -DSTM32F103C8Tx -c -I../Inc -O0 -ffunction-sections -fdata-sections -Wall -fstack-usage -fcyclomatic-complexity -MMD -MP -MF"Src/RCC.d" -MT"Src/RCC.o" --specs=nano.specs -mfloat-abi=soft -mthumb -o "Src/RCC.o"
arm-none-eabi-gcc: error: unrecognized command-line option '-qdwarf-2'; did you mean '-gdwarf-'?
make: *** [Startup/subdir.mk:19: Startup/startup_stm32f103c8tx.o] Error 1
make: *** Waiting for unfinished jobs....
make: *** [Src/subdir.mk:64: Src/AFIO.o] Error 1
arm-none-eabi-gcc: error: unrecognized command-line option '-qdwarf-2'; did you mean '-gdwarf-'?
make: *** [Src/subdir.mk:64: Src/Button.o] Error 1
arm-none-eabi-gcc: error: unrecognized command-line option '-qdwarf-2'; did you mean '-gdwarf-'?
make: *** [Src/subdir.mk:64: Src/Controller_Buttons.o] Error 1
make: *** [Src/subdir.mk:64: Src/DIO.o] Error 1
arm-none-eabi-gcc: error: unrecognized command-line option '-qdwarf-2'; did you mean '-gdwarf-'?
make: *** [Src/subdir.mk:64: Src/EXTI.o] Error 1
arm-none-eabi-gcc: error: unrecognized command-line option '-qdwarf-2'; did you mean '-gdwarf-'?
make: *** [Src/subdir.mk:64: Src/GPT.o] Error 1
arm-none-eabi-gcc: error: unrecognized command-line option '-qdwarf-2'; did you mean '-gdwarf-'?
arm-none-eabi-gcc: error: unrecognized command-line option '-qdwarf-2'; did you mean '-gdwarf-'?
make: *** [Src/subdir.mk:64: Src/NVIC.o] Error 1
make: *** [Src/subdir.mk:64: Src/RCC.o] Error 1
"make -j16 all" terminated with exit code 2. Build might be incomplete.
08:09:57 **** Incremental Build of configuration Debug for project Tetris ****
make -j16 all 
arm-none-eabi-gcc -qdwarf-2 -mcpu=cortex-m3 -g3 -DDEBUG -c -x assembler-with-cpp -MMD -MP -MF"Startup/startup_stm32f103c8tx.d" -MT"Startup/startup_stm32f103c8tx.o" --specs=nano.specs -mfloat-abi=soft -mthumb -o "Startup/startup_stm32f103c8tx.o" "../Startup/startup_stm32f103c8tx.s"
arm-none-eabi-gcc -qdwarf-2 "../Src/AFIO.c" -mcpu=cortex-m3 -std=gnu11 -g3 -DDEBUG -DSTM32 -DSTM32F1 -DSTM32F103C8Tx -c -I../Inc -O0 -ffunction-sections -fdata-sections -Wall -fstack-usage -fcyclomatic-complexity -MMD -MP -MF"Src/AFIO.d" -MT"Src/AFIO.o" --specs=nano.specs -mfloat-abi=soft -mthumb -o "Src/AFIO.o"
arm-none-eabi-gcc -qdwarf-2 "../Src/Button.c" -mcpu=cortex-m3 -std=gnu11 -g3 -DDEBUG -DSTM32 -DSTM32F1 -DSTM32F103C8Tx -c -I../Inc -O0 -ffunction-sections -fdata-sections -Wall -fstack-usage -fcyclomatic-complexity -MMD -MP -MF"Src/Button.d" -MT"Src/Button.o" --specs=nano.specs -mfloat-abi=soft -mthumb -o "Src/Button.o"
arm-none-eabi-gcc -qdwarf-2 "../Src/Controller_Buttons.c" -mcpu=cortex-m3 -std=gnu11 -g3 -DDEBUG -DSTM32 -DSTM32F1 -DSTM32F103C8Tx -c -I../Inc -O0 -ffunction-sections -fdata-sections -Wall -fstack-usage -fcyclomatic-complexity -MMD -MP -MF"Src/Controller_Buttons.d" -MT"Src/Controller_Buttons.o" --specs=nano.specs -mfloat-abi=soft -mthumb -o "Src/Controller_Buttons.o"
arm-none-eabi-gcc -qdwarf-2 "../Src/DIO.c" -mcpu=cortex-m3 -std=gnu11 -g3 -DDEBUG -DSTM32 -DSTM32F1 -DSTM32F103C8Tx -c -I../Inc -O0 -ffunction-sections -fdata-sections -Wall -fstack-usage -fcyclomatic-complexity -MMD -MP -MF"Src/DIO.d" -MT"Src/DIO.o" --specs=nano.specs -mfloat-abi=soft -mthumb -o "Src/DIO.o"
arm-none-eabi-gcc -qdwarf-2 "../Src/EXTI.c" -mcpu=cortex-m3 -std=gnu11 -g3 -DDEBUG -DSTM32 -DSTM32F1 -DSTM32F103C8Tx -c -I../Inc -O0 -ffunction-sections -fdata-sections -Wall -fstack-usage -fcyclomatic-complexity -MMD -MP -MF"Src/EXTI.d" -MT"Src/EXTI.o" --specs=nano.specs -mfloat-abi=soft -mthumb -o "Src/EXTI.o"
arm-none-eabi-gcc -qdwarf-2 "../Src/GPT.c" -mcpu=cortex-m3 -std=gnu11 -g3 -DDEBUG -DSTM32 -DSTM32F1 -DSTM32F103C8Tx -c -I../Inc -O0 -ffunction-sections -fdata-sections -Wall -fstack-usage -fcyclomatic-complexity -MMD -MP -MF"Src/GPT.d" -MT"Src/GPT.o" --specs=nano.specs -mfloat-abi=soft -mthumb -o "Src/GPT.o"
arm-none-eabi-gcc: error: unrecognized command-line option '-qdwarf-2'; did you mean '-gdwarf-'?
arm-none-eabi-gcc -qdwarf-2 "../Src/NVIC.c" -mcpu=cortex-m3 -std=gnu11 -g3 -DDEBUG -DSTM32 -DSTM32F1 -DSTM32F103C8Tx -c -I../Inc -O0 -ffunction-sections -fdata-sections -Wall -fstack-usage -fcyclomatic-complexity -MMD -MP -MF"Src/NVIC.d" -MT"Src/NVIC.o" --specs=nano.specs -mfloat-abi=soft -mthumb -o "Src/NVIC.o"
arm-none-eabi-gcc: error: unrecognized command-line option '-qdwarf-2'; did you mean '-gdwarf-'?
make: *** [Startup/subdir.mk:19: Startup/startup_stm32f103c8tx.o] Error 1
make: *** Waiting for unfinished jobs....
arm-none-eabi-gcc: error: unrecognized command-line option '-qdwarf-2'; did you mean '-gdwarf-'?
make: *** [Src/subdir.mk:64: Src/AFIO.o] Error 1
arm-none-eabi-gcc: error: unrecognized command-line option '-qdwarf-2'; did you mean '-gdwarf-'?
make: *** [Src/subdir.mk:64: Src/Button.o] Error 1
make: *** [Src/subdir.mk:64: Src/Controller_Buttons.o] Error 1
arm-none-eabi-gcc: error: unrecognized command-line option '-qdwarf-2'; did you mean '-gdwarf-'?
make: *** [Src/subdir.mk:64: Src/DIO.o] Error 1
arm-none-eabi-gcc: error: unrecognized command-line option '-qdwarf-2'; did you mean '-gdwarf-'?
arm-none-eabi-gcc: error: unrecognized command-line option '-qdwarf-2'; did you mean '-gdwarf-'?
make: *** [Src/subdir.mk:64: Src/EXTI.o] Error 1
make: *** [Src/subdir.mk:64: Src/GPT.o] Error 1
arm-none-eabi-gcc: error: unrecognized command-line option '-qdwarf-2'; did you mean '-gdwarf-'?
make: *** [Src/subdir.mk:64: Src/NVIC.o] Error 1
"make -j16 all" terminated with exit code 2. Build might be incomplete.
08:10:06 **** Incremental Build of configuration Debug for project Tetris ****
make -j16 all 
arm-none-eabi-gcc -qdwarf-2 -mcpu=cortex-m3 -g3 -DDEBUG -c -x assembler-with-cpp -MMD -MP -MF"Startup/startup_stm32f103c8tx.d" -MT"Startup/startup_stm32f103c8tx.o" --specs=nano.specs -mfloat-abi=soft -mthumb -o "Startup/startup_stm32f103c8tx.o" "../Startup/startup_stm32f103c8tx.s"
arm-none-eabi-gcc -qdwarf-2 "../Src/AFIO.c" -mcpu=cortex-m3 -std=gnu11 -g3 -DDEBUG -DSTM32 -DSTM32F1 -DSTM32F103C8Tx -c -I../Inc -O0 -ffunction-sections -fdata-sections -Wall -fstack-usage -fcyclomatic-complexity -MMD -MP -MF"Src/AFIO.d" -MT"Src/AFIO.o" --specs=nano.specs -mfloat-abi=soft -mthumb -o "Src/AFIO.o"
arm-none-eabi-gcc -qdwarf-2 "../Src/Button.c" -mcpu=cortex-m3 -std=gnu11 -g3 -DDEBUG -DSTM32 -DSTM32F1 -DSTM32F103C8Tx -c -I../Inc -O0 -ffunction-sections -fdata-sections -Wall -fstack-usage -fcyclomatic-complexity -MMD -MP -MF"Src/Button.d" -MT"Src/Button.o" --specs=nano.specs -mfloat-abi=soft -mthumb -o "Src/Button.o"
arm-none-eabi-gcc -qdwarf-2 "../Src/Controller_Buttons.c" -mcpu=cortex-m3 -std=gnu11 -g3 -DDEBUG -DSTM32 -DSTM32F1 -DSTM32F103C8Tx -c -I../Inc -O0 -ffunction-sections -fdata-sections -Wall -fstack-usage -fcyclomatic-complexity -MMD -MP -MF"Src/Controller_Buttons.d" -MT"Src/Controller_Buttons.o" --specs=nano.specs -mfloat-abi=soft -mthumb -o "Src/Controller_Buttons.o"
arm-none-eabi-gcc -qdwarf-2 "../Src/DIO.c" -mcpu=cortex-m3 -std=gnu11 -g3 -DDEBUG -DSTM32 -DSTM32F1 -DSTM32F103C8Tx -c -I../Inc -O0 -ffunction-sections -fdata-sections -Wall -fstack-usage -fcyclomatic-complexity -MMD -MP -MF"Src/DIO.d" -MT"Src/DIO.o" --specs=nano.specs -mfloat-abi=soft -mthumb -o "Src/DIO.o"
arm-none-eabi-gcc -qdwarf-2 "../Src/EXTI.c" -mcpu=cortex-m3 -std=gnu11 -g3 -DDEBUG -DSTM32 -DSTM32F1 -DSTM32F103C8Tx -c -I../Inc -O0 -ffunction-sections -fdata-sections -Wall -fstack-usage -fcyclomatic-complexity -MMD -MP -MF"Src/EXTI.d" -MT"Src/EXTI.o" --specs=nano.specs -mfloat-abi=soft -mthumb -o "Src/EXTI.o"
arm-none-eabi-gcc -qdwarf-2 "../Src/GPT.c" -mcpu=cortex-m3 -std=gnu11 -g3 -DDEBUG -DSTM32 -DSTM32F1 -DSTM32F103C8Tx -c -I../Inc -O0 -ffunction-sections -fdata-sections -Wall -fstack-usage -fcyclomatic-complexity -MMD -MP -MF"Src/GPT.d" -MT"Src/GPT.o" --specs=nano.specs -mfloat-abi=soft -mthumb -o "Src/GPT.o"
arm-none-eabi-gcc: error: unrecognized command-line option '-qdwarf-2'; did you mean '-gdwarf-'?
arm-none-eabi-gcc -qdwarf-2 "../Src/NVIC.c" -mcpu=cortex-m3 -std=gnu11 -g3 -DDEBUG -DSTM32 -DSTM32F1 -DSTM32F103C8Tx -c -I../Inc -O0 -ffunction-sections -fdata-sections -Wall -fstack-usage -fcyclomatic-complexity -MMD -MP -MF"Src/NVIC.d" -MT"Src/NVIC.o" --specs=nano.specs -mfloat-abi=soft -mthumb -o "Src/NVIC.o"
arm-none-eabi-gcc: error: unrecognized command-line option '-qdwarf-2'; did you mean '-gdwarf-'?
make: *** [Startup/subdir.mk:19: Startup/startup_stm32f103c8tx.o] Error 1
make: *** Waiting for unfinished jobs....
arm-none-eabi-gcc: error: unrecognized command-line option '-qdwarf-2'; did you mean '-gdwarf-'?
make: *** [Src/subdir.mk:64: Src/AFIO.o] Error 1
make: *** [Src/subdir.mk:64: Src/Button.o] Error 1
arm-none-eabi-gcc: error: unrecognized command-line option '-qdwarf-2'; did you mean '-gdwarf-'?
arm-none-eabi-gcc: error: unrecognized command-line option '-qdwarf-2'; did you mean '-gdwarf-'?
make: *** [Src/subdir.mk:64: Src/Controller_Buttons.o] Error 1
make: *** [Src/subdir.mk:64: Src/DIO.o] Error 1
arm-none-eabi-gcc: error: unrecognized command-line option '-qdwarf-2'; did you mean '-gdwarf-'?
make: *** [Src/subdir.mk:64: Src/EXTI.o] Error 1
arm-none-eabi-gcc: error: unrecognized command-line option '-qdwarf-2'; did you mean '-gdwarf-'?
arm-none-eabi-gcc: error: unrecognized command-line option '-qdwarf-2'; did you mean '-gdwarf-'?
make: *** [Src/subdir.mk:64: Src/GPT.o] Error 1
make: *** [Src/subdir.mk:64: Src/NVIC.o] Error 1
"make -j16 all" terminated with exit code 2. Build might be incomplete.
08:10:10 **** Incremental Build of configuration Debug for project Tetris ****
make -j16 all 
arm-none-eabi-gcc -qdwarf-2 -mcpu=cortex-m3 -g3 -DDEBUG -c -x assembler-with-cpp -MMD -MP -MF"Startup/startup_stm32f103c8tx.d" -MT"Startup/startup_stm32f103c8tx.o" --specs=nano.specs -mfloat-abi=soft -mthumb -o "Startup/startup_stm32f103c8tx.o" "../Startup/startup_stm32f103c8tx.s"
arm-none-eabi-gcc -qdwarf-2 "../Src/AFIO.c" -mcpu=cortex-m3 -std=gnu11 -g3 -DDEBUG -DSTM32 -DSTM32F1 -DSTM32F103C8Tx -c -I../Inc -O0 -ffunction-sections -fdata-sections -Wall -fstack-usage -fcyclomatic-complexity -MMD -MP -MF"Src/AFIO.d" -MT"Src/AFIO.o" --specs=nano.specs -mfloat-abi=soft -mthumb -o "Src/AFIO.o"
arm-none-eabi-gcc -qdwarf-2 "../Src/Button.c" -mcpu=cortex-m3 -std=gnu11 -g3 -DDEBUG -DSTM32 -DSTM32F1 -DSTM32F103C8Tx -c -I../Inc -O0 -ffunction-sections -fdata-sections -Wall -fstack-usage -fcyclomatic-complexity -MMD -MP -MF"Src/Button.d" -MT"Src/Button.o" --specs=nano.specs -mfloat-abi=soft -mthumb -o "Src/Button.o"
arm-none-eabi-gcc -qdwarf-2 "../Src/Controller_Buttons.c" -mcpu=cortex-m3 -std=gnu11 -g3 -DDEBUG -DSTM32 -DSTM32F1 -DSTM32F103C8Tx -c -I../Inc -O0 -ffunction-sections -fdata-sections -Wall -fstack-usage -fcyclomatic-complexity -MMD -MP -MF"Src/Controller_Buttons.d" -MT"Src/Controller_Buttons.o" --specs=nano.specs -mfloat-abi=soft -mthumb -o "Src/Controller_Buttons.o"
arm-none-eabi-gcc -qdwarf-2 "../Src/DIO.c" -mcpu=cortex-m3 -std=gnu11 -g3 -DDEBUG -DSTM32 -DSTM32F1 -DSTM32F103C8Tx -c -I../Inc -O0 -ffunction-sections -fdata-sections -Wall -fstack-usage -fcyclomatic-complexity -MMD -MP -MF"Src/DIO.d" -MT"Src/DIO.o" --specs=nano.specs -mfloat-abi=soft -mthumb -o "Src/DIO.o"
arm-none-eabi-gcc -qdwarf-2 "../Src/EXTI.c" -mcpu=cortex-m3 -std=gnu11 -g3 -DDEBUG -DSTM32 -DSTM32F1 -DSTM32F103C8Tx -c -I../Inc -O0 -ffunction-sections -fdata-sections -Wall -fstack-usage -fcyclomatic-complexity -MMD -MP -MF"Src/EXTI.d" -MT"Src/EXTI.o" --specs=nano.specs -mfloat-abi=soft -mthumb -o "Src/EXTI.o"
arm-none-eabi-gcc -qdwarf-2 "../Src/GPT.c" -mcpu=cortex-m3 -std=gnu11 -g3 -DDEBUG -DSTM32 -DSTM32F1 -DSTM32F103C8Tx -c -I../Inc -O0 -ffunction-sections -fdata-sections -Wall -fstack-usage -fcyclomatic-complexity -MMD -MP -MF"Src/GPT.d" -MT"Src/GPT.o" --specs=nano.specs -mfloat-abi=soft -mthumb -o "Src/GPT.o"
arm-none-eabi-gcc: error: unrecognized command-line option '-qdwarf-2'; did you mean '-gdwarf-'?
arm-none-eabi-gcc -qdwarf-2 "../Src/NVIC.c" -mcpu=cortex-m3 -std=gnu11 -g3 -DDEBUG -DSTM32 -DSTM32F1 -DSTM32F103C8Tx -c -I../Inc -O0 -ffunction-sections -fdata-sections -Wall -fstack-usage -fcyclomatic-complexity -MMD -MP -MF"Src/NVIC.d" -MT"Src/NVIC.o" --specs=nano.specs -mfloat-abi=soft -mthumb -o "Src/NVIC.o"
arm-none-eabi-gcc: error: unrecognized command-line option '-qdwarf-2'; did you mean '-gdwarf-'?
make: *** [Startup/subdir.mk:19: Startup/startup_stm32f103c8tx.o] Error 1
make: *** Waiting for unfinished jobs....
arm-none-eabi-gcc: error: unrecognized command-line option '-qdwarf-2'; did you mean '-gdwarf-'?
make: *** [Src/subdir.mk:64: Src/AFIO.o] Error 1
make: *** [Src/subdir.mk:64: Src/Button.o] Error 1
arm-none-eabi-gcc: error: unrecognized command-line option '-qdwarf-2'; did you mean '-gdwarf-'?
make: *** [Src/subdir.mk:64: Src/Controller_Buttons.o] Error 1
arm-none-eabi-gcc: error: unrecognized command-line option '-qdwarf-2'; did you mean '-gdwarf-'?
make: *** [Src/subdir.mk:64: Src/DIO.o] Error 1
arm-none-eabi-gcc: error: unrecognized command-line option '-qdwarf-2'; did you mean '-gdwarf-'?
make: *** [Src/subdir.mk:64: Src/EXTI.o] Error 1
arm-none-eabi-gcc: error: unrecognized command-line option '-qdwarf-2'; did you mean '-gdwarf-'?
arm-none-eabi-gcc: error: unrecognized command-line option '-qdwarf-2'; did you mean '-gdwarf-'?
make: *** [Src/subdir.mk:64: Src/GPT.o] Error 1
make: *** [Src/subdir.mk:64: Src/NVIC.o] Error 1
"make -j16 all" terminated with exit code 2. Build might be incomplete.
08:10:27 **** Incremental Build of configuration Debug for project Tetris ****
make -j16 all 
arm-none-eabi-gcc -qdwarf-2 -mcpu=cortex-m3 -g3 -DDEBUG -c -x assembler-with-cpp -MMD -MP -MF"Startup/startup_stm32f103c8tx.d" -MT"Startup/startup_stm32f103c8tx.o" --specs=nano.specs -mfloat-abi=soft -mthumb -o "Startup/startup_stm32f103c8tx.o" "../Startup/startup_stm32f103c8tx.s"
arm-none-eabi-gcc -qdwarf-2 "../Src/AFIO.c" -mcpu=cortex-m3 -std=gnu11 -g3 -DDEBUG -DSTM32 -DSTM32F1 -DSTM32F103C8Tx -c -I../Inc -O0 -ffunction-sections -fdata-sections -Wall -fstack-usage -fcyclomatic-complexity -MMD -MP -MF"Src/AFIO.d" -MT"Src/AFIO.o" --specs=nano.specs -mfloat-abi=soft -mthumb -o "Src/AFIO.o"
arm-none-eabi-gcc -qdwarf-2 "../Src/Button.c" -mcpu=cortex-m3 -std=gnu11 -g3 -DDEBUG -DSTM32 -DSTM32F1 -DSTM32F103C8Tx -c -I../Inc -O0 -ffunction-sections -fdata-sections -Wall -fstack-usage -fcyclomatic-complexity -MMD -MP -MF"Src/Button.d" -MT"Src/Button.o" --specs=nano.specs -mfloat-abi=soft -mthumb -o "Src/Button.o"
arm-none-eabi-gcc -qdwarf-2 "../Src/Controller_Buttons.c" -mcpu=cortex-m3 -std=gnu11 -g3 -DDEBUG -DSTM32 -DSTM32F1 -DSTM32F103C8Tx -c -I../Inc -O0 -ffunction-sections -fdata-sections -Wall -fstack-usage -fcyclomatic-complexity -MMD -MP -MF"Src/Controller_Buttons.d" -MT"Src/Controller_Buttons.o" --specs=nano.specs -mfloat-abi=soft -mthumb -o "Src/Controller_Buttons.o"
arm-none-eabi-gcc -qdwarf-2 "../Src/DIO.c" -mcpu=cortex-m3 -std=gnu11 -g3 -DDEBUG -DSTM32 -DSTM32F1 -DSTM32F103C8Tx -c -I../Inc -O0 -ffunction-sections -fdata-sections -Wall -fstack-usage -fcyclomatic-complexity -MMD -MP -MF"Src/DIO.d" -MT"Src/DIO.o" --specs=nano.specs -mfloat-abi=soft -mthumb -o "Src/DIO.o"
arm-none-eabi-gcc -qdwarf-2 "../Src/EXTI.c" -mcpu=cortex-m3 -std=gnu11 -g3 -DDEBUG -DSTM32 -DSTM32F1 -DSTM32F103C8Tx -c -I../Inc -O0 -ffunction-sections -fdata-sections -Wall -fstack-usage -fcyclomatic-complexity -MMD -MP -MF"Src/EXTI.d" -MT"Src/EXTI.o" --specs=nano.specs -mfloat-abi=soft -mthumb -o "Src/EXTI.o"
arm-none-eabi-gcc -qdwarf-2 "../Src/GPT.c" -mcpu=cortex-m3 -std=gnu11 -g3 -DDEBUG -DSTM32 -DSTM32F1 -DSTM32F103C8Tx -c -I../Inc -O0 -ffunction-sections -fdata-sections -Wall -fstack-usage -fcyclomatic-complexity -MMD -MP -MF"Src/GPT.d" -MT"Src/GPT.o" --specs=nano.specs -mfloat-abi=soft -mthumb -o "Src/GPT.o"
arm-none-eabi-gcc: error: unrecognized command-line option '-qdwarf-2'; did you mean '-gdwarf-'?
arm-none-eabi-gcc -qdwarf-2 "../Src/NVIC.c" -mcpu=cortex-m3 -std=gnu11 -g3 -DDEBUG -DSTM32 -DSTM32F1 -DSTM32F103C8Tx -c -I../Inc -O0 -ffunction-sections -fdata-sections -Wall -fstack-usage -fcyclomatic-complexity -MMD -MP -MF"Src/NVIC.d" -MT"Src/NVIC.o" --specs=nano.specs -mfloat-abi=soft -mthumb -o "Src/NVIC.o"
arm-none-eabi-gcc: error: unrecognized command-line option '-qdwarf-2'; did you mean '-gdwarf-'?
make: *** [Startup/subdir.mk:19: Startup/startup_stm32f103c8tx.o] Error 1
make: *** Waiting for unfinished jobs....
arm-none-eabi-gcc: error: unrecognized command-line option '-qdwarf-2'; did you mean '-gdwarf-'?
make: *** [Src/subdir.mk:64: Src/AFIO.o] Error 1
make: *** [Src/subdir.mk:64: Src/Button.o] Error 1
arm-none-eabi-gcc: error: unrecognized command-line option '-qdwarf-2'; did you mean '-gdwarf-'?
make: *** [Src/subdir.mk:64: Src/Controller_Buttons.o] Error 1
arm-none-eabi-gcc: error: unrecognized command-line option '-qdwarf-2'; did you mean '-gdwarf-'?
arm-none-eabi-gcc: error: unrecognized command-line option '-qdwarf-2'; did you mean '-gdwarf-'?
make: *** [Src/subdir.mk:64: Src/DIO.o] Error 1
arm-none-eabi-gcc: error: unrecognized command-line option '-qdwarf-2'; did you mean '-gdwarf-'?
make: *** [Src/subdir.mk:64: Src/EXTI.o] Error 1
make: *** [Src/subdir.mk:64: Src/GPT.o] Error 1
arm-none-eabi-gcc: error: unrecognized command-line option '-qdwarf-2'; did you mean '-gdwarf-'?
make: *** [Src/subdir.mk:64: Src/NVIC.o] Error 1
"make -j16 all" terminated with exit code 2. Build might be incomplete.
08:10:30 **** Incremental Build of configuration Debug for project Tetris ****
make -j16 all 
[...]
../Inc/../Inc/HAL/TFT/TFT_interface.h:32:49: note: expected 'uint8 *' {aka 'unsigned char *'} but argument is of type 'const uint8 *' {aka 'const unsigned char *'}
   32 | void TFT_printString(uint16 x, uint16 y, uint8* string, uint8 size, TFTColor_t charColor,TFTColor_t backgroundColor, uint8 stringDisplayWidth);
      |                                          ~~~~~~~^~~~~~
../Src/APP/Tetris/View/Tetris_View_TFT.c:138:44: warning: passing argument 3 of 'TFT_printString' discards 'const' qualifier from pointer target type [-Wdiscarded-qualifiers]
  138 |     TFT_printString(GAME_SCR_SCORE_POS   , Text1, GAME_SCR_TEXT_SIZE, GAME_SCR_TEXT_COLOR, GAME_SCR_BACKGROUND_COLOR, 5);
      |                                            ^~~~~
In file included from ../Src/APP/Tetris/View/Tetris_View_TFT.c:9:
../Inc/../Inc/HAL/TFT/TFT_interface.h:32:49: note: expected 'uint8 *' {aka 'unsigned char *'} but argument is of type 'const uint8 *' {aka 'const unsigned char *'}
   32 | void TFT_printString(uint16 x, uint16 y, uint8* string, uint8 size, TFTColor_t charColor,TFTColor_t backgroundColor, uint8 stringDisplayWidth);
      |                                          ~~~~~~~^~~~~~
../Src/APP/Tetris/View/Tetris_View_TFT.c:139:44: warning: passing argument 3 of 'TFT_printString' discards 'const' qualifier from pointer target type [-Wdiscarded-qualifiers]
  139 |     TFT_printString(GAME_SCR_LEVEL_POS   , Text2, GAME_SCR_TEXT_SIZE, GAME_SCR_TEXT_COLOR, GAME_SCR_BACKGROUND_COLOR, 5);
      |                                            ^~~~~
In file included from ../Src/APP/Tetris/View/Tetris_View_TFT.c:9:
../Inc/../Inc/HAL/TFT/TFT_interface.h:32:49: note: expected 'uint8 *' {aka 'unsigned char *'} but argument is of type 'const uint8 *' {aka 'const unsigned char *'}
   32 | void TFT_printString(uint16 x, uint16 y, uint8* string, uint8 size, TFTColor_t charColor,TFTColor_t backgroundColor, uint8 stringDisplayWidth);
      |                                          ~~~~~~~^~~~~~
../Src/APP/Tetris/View/Tetris_View_TFT.c:140:44: warning: passing argument 3 of 'TFT_printString' discards 'const' qualifier from pointer target type [-Wdiscarded-qualifiers]
  140 |     TFT_printString(GAME_SCR_HI_SCORE_POS, Text3, GAME_SCR_TEXT_SIZE, GAME_SCR_TEXT_COLOR, GAME_SCR_BACKGROUND_COLOR, 8);
      |                                            ^~~~~
In file included from ../Src/APP/Tetris/View/Tetris_View_TFT.c:9:
../Inc/../Inc/HAL/TFT/TFT_interface.h:32:49: note: expected 'uint8 *' {aka 'unsigned char *'} but argument is of type 'const uint8 *' {aka 'const unsigned char *'}
   32 | void TFT_printString(uint16 x, uint16 y, uint8* string, uint8 size, TFTColor_t charColor,TFTColor_t backgroundColor, uint8 stringDisplayWidth);
      |                                          ~~~~~~~^~~~~~
../Src/APP/Tetris/View/Tetris_View_TFT.c: In function 'Tetris_View_renderGameOverScreenStaticElements':
../Src/APP/Tetris/View/Tetris_View_TFT.c:186:55: warning: passing argument 3 of 'TFT_printString' discards 'const' qualifier from pointer target type [-Wdiscarded-qualifiers]
  186 |     TFT_printString(GAME_OVER_SCR_GAME_OVER_TEXT_POS, Text1, GAME_OVER_SCR_GAME_OVER_TEXT_SIZE, GAME_OVER_SCR_TEXT_COLOR, GAME_OVER_SCR_BACKGROUND_COLOR, 9);
      |                                                       ^~~~~
In file included from ../Src/APP/Tetris/View/Tetris_View_TFT.c:9:
../Inc/../Inc/HAL/TFT/TFT_interface.h:32:49: note: expected 'uint8 *' {aka 'unsigned char *'} but argument is of type 'const uint8 *' {aka 'const unsigned char *'}
   32 | void TFT_printString(uint16 x, uint16 y, uint8* string, uint8 size, TFTColor_t charColor,TFTColor_t backgroundColor, uint8 stringDisplayWidth);
      |                                          ~~~~~~~^~~~~~
../Src/APP/Tetris/View/Tetris_View_TFT.c:189:51: warning: passing argument 3 of 'TFT_printString' discards 'const' qualifier from pointer target type [-Wdiscarded-qualifiers]
  189 |     TFT_printString(GAME_OVER_SCR_SCORE_TEXT_POS, Text2, GAME_OVER_SCR_SCORE_SIZE, GAME_OVER_SCR_TEXT_COLOR, GAME_OVER_SCR_BACKGROUND_COLOR, 12);
      |                                                   ^~~~~
In file included from ../Src/APP/Tetris/View/Tetris_View_TFT.c:9:
../Inc/../Inc/HAL/TFT/TFT_interface.h:32:49: note: expected 'uint8 *' {aka 'unsigned char *'} but argument is of type 'const uint8 *' {aka 'const unsigned char *'}
   32 | void TFT_printString(uint16 x, uint16 y, uint8* string, uint8 size, TFTColor_t charColor,TFTColor_t backgroundColor, uint8 stringDisplayWidth);
      |                                          ~~~~~~~^~~~~~
In file included from ../Src/APP/Tetris/View/Tetris_View_TFT.c:11:
../Src/APP/Tetris/View/Tetris_View_TFT.c: At top level:
../Inc/../Inc/APP/Tetris/View/Tetris_View.h:36:13: warning: 'Tetris_View_renderWelcomeScreen' declared 'static' but never defined [-Wunused-function]
   36 | static void Tetris_View_renderWelcomeScreen   (Tetris_Model_t *model, Tetris_View_t *view);
      |             ^~~~~~~~~~~~~~~~~~~~~~~~~~~~~~~
../Inc/../Inc/APP/Tetris/View/Tetris_View.h:37:13: warning: 'Tetris_View_renderTopScoresScreen' declared 'static' but never defined [-Wunused-function]
   37 | static void Tetris_View_renderTopScoresScreen (Tetris_Model_t *model, Tetris_View_t *view);
      |             ^~~~~~~~~~~~~~~~~~~~~~~~~~~~~~~~~
../Inc/../Inc/APP/Tetris/View/Tetris_View.h:38:13: warning: 'Tetris_View_renderNameInputScreen' declared 'static' but never defined [-Wunused-function]
   38 | static void Tetris_View_renderNameInputScreen (Tetris_Model_t *model, Tetris_View_t *view);
      |             ^~~~~~~~~~~~~~~~~~~~~~~~~~~~~~~~~
../Inc/../Inc/APP/Tetris/View/Tetris_View.h:39:13: warning: 'Tetris_View_renderGameScreen' declared 'static' but never defined [-Wunused-function]
   39 | static void Tetris_View_renderGameScreen      (Tetris_Model_t *model, Tetris_View_t *view);
      |             ^~~~~~~~~~~~~~~~~~~~~~~~~~~~
../Inc/../Inc/APP/Tetris/View/Tetris_View.h:40:13: warning: 'Tetris_View_renderGameOverScreen' declared 'static' but never defined [-Wunused-function]
   40 | static void Tetris_View_renderGameOverScreen  (Tetris_Model_t *model, Tetris_View_t *view);
      |             ^~~~~~~~~~~~~~~~~~~~~~~~~~~~~~~~
arm-none-eabi-gcc -o "Tetris.elf" @"objects.list"   -mcpu=cortex-m3 -T"G:\ARM_IMT\My System\Workspace\Tetris\Tetris\STM32F103C8TX_FLASH.ld" --specs=nosys.specs -Wl,-Map="Tetris.map" -Wl,--gc-sections -static --specs=nano.specs -mfloat-abi=soft -mthumb -Wl,--start-group -lc -lm -Wl,--end-group
C:/ST/STM32CubeIDE_1.13.1/STM32CubeIDE/plugins/com.st.stm32cube.ide.mcu.externaltools.gnu-tools-for-stm32.11.3.rel1.win32_1.1.0.202305231506/tools/bin/../lib/gcc/arm-none-eabi/11.3.1/../../../../arm-none-eabi/bin/ld.exe: C:/ST/STM32CubeIDE_1.13.1/STM32CubeIDE/plugins/com.st.stm32cube.ide.mcu.externaltools.gnu-tools-for-stm32.11.3.rel1.win32_1.1.0.202305231506/tools/bin/../lib/gcc/arm-none-eabi/11.3.1/../../../../arm-none-eabi/lib/thumb/v7-m/nofp\libc_nano.a(libc_a-closer.o): in function `_close_r':
(.text._close_r+0xc): warning: _close is not implemented and will always fail
C:/ST/STM32CubeIDE_1.13.1/STM32CubeIDE/plugins/com.st.stm32cube.ide.mcu.externaltools.gnu-tools-for-stm32.11.3.rel1.win32_1.1.0.202305231506/tools/bin/../lib/gcc/arm-none-eabi/11.3.1/../../../../arm-none-eabi/bin/ld.exe: C:/ST/STM32CubeIDE_1.13.1/STM32CubeIDE/plugins/com.st.stm32cube.ide.mcu.externaltools.gnu-tools-for-stm32.11.3.rel1.win32_1.1.0.202305231506/tools/bin/../lib/gcc/arm-none-eabi/11.3.1/../../../../arm-none-eabi/lib/thumb/v7-m/nofp\libc_nano.a(libc_a-lseekr.o): in function `_lseek_r':
(.text._lseek_r+0x10): warning: _lseek is not implemented and will always fail
C:/ST/STM32CubeIDE_1.13.1/STM32CubeIDE/plugins/com.st.stm32cube.ide.mcu.externaltools.gnu-tools-for-stm32.11.3.rel1.win32_1.1.0.202305231506/tools/bin/../lib/gcc/arm-none-eabi/11.3.1/../../../../arm-none-eabi/bin/ld.exe: C:/ST/STM32CubeIDE_1.13.1/STM32CubeIDE/plugins/com.st.stm32cube.ide.mcu.externaltools.gnu-tools-for-stm32.11.3.rel1.win32_1.1.0.202305231506/tools/bin/../lib/gcc/arm-none-eabi/11.3.1/../../../../arm-none-eabi/lib/thumb/v7-m/nofp\libc_nano.a(libc_a-readr.o): in function `_read_r':
(.text._read_r+0x10): warning: _read is not implemented and will always fail
C:/ST/STM32CubeIDE_1.13.1/STM32CubeIDE/plugins/com.st.stm32cube.ide.mcu.externaltools.gnu-tools-for-stm32.11.3.rel1.win32_1.1.0.202305231506/tools/bin/../lib/gcc/arm-none-eabi/11.3.1/../../../../arm-none-eabi/bin/ld.exe: C:/ST/STM32CubeIDE_1.13.1/STM32CubeIDE/plugins/com.st.stm32cube.ide.mcu.externaltools.gnu-tools-for-stm32.11.3.rel1.win32_1.1.0.202305231506/tools/bin/../lib/gcc/arm-none-eabi/11.3.1/../../../../arm-none-eabi/lib/thumb/v7-m/nofp\libc_nano.a(libc_a-writer.o): in function `_write_r':
(.text._write_r+0x10): warning: _write is not implemented and will always fail
Finished building target: Tetris.elf
 
arm-none-eabi-size   Tetris.elf 
arm-none-eabi-objdump -h -S  Tetris.elf  > "Tetris.list"
arm-none-eabi-objcopy  -O ihex  Tetris.elf  "Tetris.hex"
   text	   data	    bss	    dec	    hex	filename
  18756	     96	   1896	  20748	   510c	Tetris.elf
Finished building: default.size.stdout
 
Finished building: Tetris.hex
 
Finished building: Tetris.list
 
09:43:59 **** Incremental Build of configuration Debug for project Tetris ****
make -j16 all 
arm-none-eabi-size   Tetris.elf 
   text	   data	    bss	    dec	    hex	filename
  18756	     96	   1896	  20748	   510c	Tetris.elf
Finished building: default.size.stdout
 
09:54:59 **** Incremental Build of configuration Debug for project Tetris ****
make -j16 all 
arm-none-eabi-gcc "../Src/APP/main.c" -mcpu=cortex-m3 -std=gnu11 -g3 -DDEBUG -DSTM32 -DSTM32F1 -DSTM32F103C8Tx -c -I../Inc -O0 -ffunction-sections -fdata-sections -Wall -fstack-usage -fcyclomatic-complexity -MMD -MP -MF"Src/APP/main.d" -MT"Src/APP/main.o" --specs=nano.specs -mfloat-abi=soft -mthumb -o "Src/APP/main.o"
In file included from ../Src/APP/main.c:23:
../Inc/../Inc/APP/Tetris/View/Tetris_View.h:36:13: warning: 'Tetris_View_renderWelcomeScreen' declared 'static' but never defined [-Wunused-function]
   36 | static void Tetris_View_renderWelcomeScreen   (Tetris_Model_t *model, Tetris_View_t *view);
      |             ^~~~~~~~~~~~~~~~~~~~~~~~~~~~~~~
../Inc/../Inc/APP/Tetris/View/Tetris_View.h:37:13: warning: 'Tetris_View_renderTopScoresScreen' declared 'static' but never defined [-Wunused-function]
   37 | static void Tetris_View_renderTopScoresScreen (Tetris_Model_t *model, Tetris_View_t *view);
      |             ^~~~~~~~~~~~~~~~~~~~~~~~~~~~~~~~~
../Inc/../Inc/APP/Tetris/View/Tetris_View.h:38:13: warning: 'Tetris_View_renderNameInputScreen' declared 'static' but never defined [-Wunused-function]
   38 | static void Tetris_View_renderNameInputScreen (Tetris_Model_t *model, Tetris_View_t *view);
      |             ^~~~~~~~~~~~~~~~~~~~~~~~~~~~~~~~~
../Inc/../Inc/APP/Tetris/View/Tetris_View.h:39:13: warning: 'Tetris_View_renderGameScreen' declared 'static' but never defined [-Wunused-function]
   39 | static void Tetris_View_renderGameScreen      (Tetris_Model_t *model, Tetris_View_t *view);
      |             ^~~~~~~~~~~~~~~~~~~~~~~~~~~~
../Inc/../Inc/APP/Tetris/View/Tetris_View.h:40:13: warning: 'Tetris_View_renderGameOverScreen' declared 'static' but never defined [-Wunused-function]
   40 | static void Tetris_View_renderGameOverScreen  (Tetris_Model_t *model, Tetris_View_t *view);
      |             ^~~~~~~~~~~~~~~~~~~~~~~~~~~~~~~~
In file included from ../Src/APP/main.c:24:
../Inc/../Inc/APP/Tetris/Controller/Tetris_Controller.h:39:13: warning: 'handleWelcomeScreen' declared 'static' but never defined [-Wunused-function]
   39 | static void handleWelcomeScreen(Tetris_Model_t *model, Tetris_Controller_t *controller);
      |             ^~~~~~~~~~~~~~~~~~~
../Inc/../Inc/APP/Tetris/Controller/Tetris_Controller.h:42:13: warning: 'handleInputNameScreen' declared 'static' but never defined [-Wunused-function]
   42 | static void handleInputNameScreen(Tetris_Model_t *model, Tetris_Controller_t *controller);
      |             ^~~~~~~~~~~~~~~~~~~~~
../Inc/../Inc/APP/Tetris/Controller/Tetris_Controller.h:45:13: warning: 'handleTopScoresScreen' declared 'static' but never defined [-Wunused-function]
   45 | static void handleTopScoresScreen(Tetris_Model_t *model, Tetris_Controller_t *controller);
      |             ^~~~~~~~~~~~~~~~~~~~~
../Inc/../Inc/APP/Tetris/Controller/Tetris_Controller.h:48:13: warning: 'handleGameScreen' declared 'static' but never defined [-Wunused-function]
   48 | static void handleGameScreen(Tetris_Model_t *model, Tetris_Controller_t *controller);
      |             ^~~~~~~~~~~~~~~~
../Inc/../Inc/APP/Tetris/Controller/Tetris_Controller.h:51:13: warning: 'handleGameOverScreen' declared 'static' but never defined [-Wunused-function]
   51 | static void handleGameOverScreen(Tetris_Model_t *model, Tetris_Controller_t *controller);
      |             ^~~~~~~~~~~~~~~~~~~~
arm-none-eabi-gcc -o "Tetris.elf" @"objects.list"   -mcpu=cortex-m3 -T"G:\ARM_IMT\My System\Workspace\Tetris\Tetris\STM32F103C8TX_FLASH.ld" --specs=nosys.specs -Wl,-Map="Tetris.map" -Wl,--gc-sections -static --specs=nano.specs -mfloat-abi=soft -mthumb -Wl,--start-group -lc -lm -Wl,--end-group
C:/ST/STM32CubeIDE_1.13.1/STM32CubeIDE/plugins/com.st.stm32cube.ide.mcu.externaltools.gnu-tools-for-stm32.11.3.rel1.win32_1.1.0.202305231506/tools/bin/../lib/gcc/arm-none-eabi/11.3.1/../../../../arm-none-eabi/bin/ld.exe: C:/ST/STM32CubeIDE_1.13.1/STM32CubeIDE/plugins/com.st.stm32cube.ide.mcu.externaltools.gnu-tools-for-stm32.11.3.rel1.win32_1.1.0.202305231506/tools/bin/../lib/gcc/arm-none-eabi/11.3.1/../../../../arm-none-eabi/lib/thumb/v7-m/nofp\libc_nano.a(libc_a-closer.o): in function `_close_r':
(.text._close_r+0xc): warning: _close is not implemented and will always fail
C:/ST/STM32CubeIDE_1.13.1/STM32CubeIDE/plugins/com.st.stm32cube.ide.mcu.externaltools.gnu-tools-for-stm32.11.3.rel1.win32_1.1.0.202305231506/tools/bin/../lib/gcc/arm-none-eabi/11.3.1/../../../../arm-none-eabi/bin/ld.exe: C:/ST/STM32CubeIDE_1.13.1/STM32CubeIDE/plugins/com.st.stm32cube.ide.mcu.externaltools.gnu-tools-for-stm32.11.3.rel1.win32_1.1.0.202305231506/tools/bin/../lib/gcc/arm-none-eabi/11.3.1/../../../../arm-none-eabi/lib/thumb/v7-m/nofp\libc_nano.a(libc_a-lseekr.o): in function `_lseek_r':
(.text._lseek_r+0x10): warning: _lseek is not implemented and will always fail
C:/ST/STM32CubeIDE_1.13.1/STM32CubeIDE/plugins/com.st.stm32cube.ide.mcu.externaltools.gnu-tools-for-stm32.11.3.rel1.win32_1.1.0.202305231506/tools/bin/../lib/gcc/arm-none-eabi/11.3.1/../../../../arm-none-eabi/bin/ld.exe: C:/ST/STM32CubeIDE_1.13.1/STM32CubeIDE/plugins/com.st.stm32cube.ide.mcu.externaltools.gnu-tools-for-stm32.11.3.rel1.win32_1.1.0.202305231506/tools/bin/../lib/gcc/arm-none-eabi/11.3.1/../../../../arm-none-eabi/lib/thumb/v7-m/nofp\libc_nano.a(libc_a-readr.o): in function `_read_r':
(.text._read_r+0x10): warning: _read is not implemented and will always fail
C:/ST/STM32CubeIDE_1.13.1/STM32CubeIDE/plugins/com.st.stm32cube.ide.mcu.externaltools.gnu-tools-for-stm32.11.3.rel1.win32_1.1.0.202305231506/tools/bin/../lib/gcc/arm-none-eabi/11.3.1/../../../../arm-none-eabi/bin/ld.exe: C:/ST/STM32CubeIDE_1.13.1/STM32CubeIDE/plugins/com.st.stm32cube.ide.mcu.externaltools.gnu-tools-for-stm32.11.3.rel1.win32_1.1.0.202305231506/tools/bin/../lib/gcc/arm-none-eabi/11.3.1/../../../../arm-none-eabi/lib/thumb/v7-m/nofp\libc_nano.a(libc_a-writer.o): in function `_write_r':
(.text._write_r+0x10): warning: _write is not implemented and will always fail
Finished building target: Tetris.elf
 
arm-none-eabi-size   Tetris.elf 
arm-none-eabi-objdump -h -S  Tetris.elf  > "Tetris.list"
arm-none-eabi-objcopy  -O ihex  Tetris.elf  "Tetris.hex"
   text	   data	    bss	    dec	    hex	filename
  18756	     96	   1896	  20748	   510c	Tetris.elf
Finished building: default.size.stdout
 
Finished building: Tetris.hex
 
Finished building: Tetris.list
 
09:55:02 **** Incremental Build of configuration Debug for project Tetris ****
make -j16 all 
arm-none-eabi-size   Tetris.elf 
   text	   data	    bss	    dec	    hex	filename
  18756	     96	   1896	  20748	   510c	Tetris.elf
Finished building: default.size.stdout
 
09:56:50 **** Incremental Build of configuration Debug for project Tetris ****
make -j16 all 
arm-none-eabi-gcc "../Src/HAL/Button.c" -mcpu=cortex-m3 -std=gnu11 -g3 -DDEBUG -DSTM32 -DSTM32F1 -DSTM32F103C8Tx -c -I../Inc -O0 -ffunction-sections -fdata-sections -Wall -fstack-usage -fcyclomatic-complexity -MMD -MP -MF"Src/HAL/Button.d" -MT"Src/HAL/Button.o" --specs=nano.specs -mfloat-abi=soft -mthumb -o "Src/HAL/Button.o"
arm-none-eabi-gcc -o "Tetris.elf" @"objects.list"   -mcpu=cortex-m3 -T"G:\ARM_IMT\My System\Workspace\Tetris\Tetris\STM32F103C8TX_FLASH.ld" --specs=nosys.specs -Wl,-Map="Tetris.map" -Wl,--gc-sections -static --specs=nano.specs -mfloat-abi=soft -mthumb -Wl,--start-group -lc -lm -Wl,--end-group
C:/ST/STM32CubeIDE_1.13.1/STM32CubeIDE/plugins/com.st.stm32cube.ide.mcu.externaltools.gnu-tools-for-stm32.11.3.rel1.win32_1.1.0.202305231506/tools/bin/../lib/gcc/arm-none-eabi/11.3.1/../../../../arm-none-eabi/bin/ld.exe: C:/ST/STM32CubeIDE_1.13.1/STM32CubeIDE/plugins/com.st.stm32cube.ide.mcu.externaltools.gnu-tools-for-stm32.11.3.rel1.win32_1.1.0.202305231506/tools/bin/../lib/gcc/arm-none-eabi/11.3.1/../../../../arm-none-eabi/lib/thumb/v7-m/nofp\libc_nano.a(libc_a-closer.o): in function `_close_r':
(.text._close_r+0xc): warning: _close is not implemented and will always fail
C:/ST/STM32CubeIDE_1.13.1/STM32CubeIDE/plugins/com.st.stm32cube.ide.mcu.externaltools.gnu-tools-for-stm32.11.3.rel1.win32_1.1.0.202305231506/tools/bin/../lib/gcc/arm-none-eabi/11.3.1/../../../../arm-none-eabi/bin/ld.exe: C:/ST/STM32CubeIDE_1.13.1/STM32CubeIDE/plugins/com.st.stm32cube.ide.mcu.externaltools.gnu-tools-for-stm32.11.3.rel1.win32_1.1.0.202305231506/tools/bin/../lib/gcc/arm-none-eabi/11.3.1/../../../../arm-none-eabi/lib/thumb/v7-m/nofp\libc_nano.a(libc_a-lseekr.o): in function `_lseek_r':
(.text._lseek_r+0x10): warning: _lseek is not implemented and will always fail
C:/ST/STM32CubeIDE_1.13.1/STM32CubeIDE/plugins/com.st.stm32cube.ide.mcu.externaltools.gnu-tools-for-stm32.11.3.rel1.win32_1.1.0.202305231506/tools/bin/../lib/gcc/arm-none-eabi/11.3.1/../../../../arm-none-eabi/bin/ld.exe: C:/ST/STM32CubeIDE_1.13.1/STM32CubeIDE/plugins/com.st.stm32cube.ide.mcu.externaltools.gnu-tools-for-stm32.11.3.rel1.win32_1.1.0.202305231506/tools/bin/../lib/gcc/arm-none-eabi/11.3.1/../../../../arm-none-eabi/lib/thumb/v7-m/nofp\libc_nano.a(libc_a-readr.o): in function `_read_r':
(.text._read_r+0x10): warning: _read is not implemented and will always fail
C:/ST/STM32CubeIDE_1.13.1/STM32CubeIDE/plugins/com.st.stm32cube.ide.mcu.externaltools.gnu-tools-for-stm32.11.3.rel1.win32_1.1.0.202305231506/tools/bin/../lib/gcc/arm-none-eabi/11.3.1/../../../../arm-none-eabi/bin/ld.exe: C:/ST/STM32CubeIDE_1.13.1/STM32CubeIDE/plugins/com.st.stm32cube.ide.mcu.externaltools.gnu-tools-for-stm32.11.3.rel1.win32_1.1.0.202305231506/tools/bin/../lib/gcc/arm-none-eabi/11.3.1/../../../../arm-none-eabi/lib/thumb/v7-m/nofp\libc_nano.a(libc_a-writer.o): in function `_write_r':
(.text._write_r+0x10): warning: _write is not implemented and will always fail
Finished building target: Tetris.elf
 
arm-none-eabi-size   Tetris.elf 
arm-none-eabi-objdump -h -S  Tetris.elf  > "Tetris.list"
arm-none-eabi-objcopy  -O ihex  Tetris.elf  "Tetris.hex"
   text	   data	    bss	    dec	    hex	filename
  18756	     96	   1896	  20748	   510c	Tetris.elf
Finished building: default.size.stdout
 
Finished building: Tetris.hex
 
Finished building: Tetris.list
 
09:56:51 **** Incremental Build of configuration Debug for project Tetris ****
make -j16 all 
arm-none-eabi-size   Tetris.elf 
   text	   data	    bss	    dec	    hex	filename
  18756	     96	   1896	  20748	   510c	Tetris.elf
Finished building: default.size.stdout
 
